Component: ARM Compiler 5.06 update 7 (build 960) Tool: armlink [4d3601]

==============================================================================

Section Cross References

    startup_stm32f10x_hd.o(RESET) refers to startup_stm32f10x_hd.o(STACK) for __initial_sp
    startup_stm32f10x_hd.o(RESET) refers to startup_stm32f10x_hd.o(.text) for Reset_Handler
    startup_stm32f10x_hd.o(RESET) refers to stm32f10x_it.o(i.NMI_Handler) for NMI_Handler
    startup_stm32f10x_hd.o(RESET) refers to stm32f10x_it.o(i.HardFault_Handler) for HardFault_Handler
    startup_stm32f10x_hd.o(RESET) refers to stm32f10x_it.o(i.MemManage_Handler) for MemManage_Handler
    startup_stm32f10x_hd.o(RESET) refers to stm32f10x_it.o(i.BusFault_Handler) for BusFault_Handler
    startup_stm32f10x_hd.o(RESET) refers to stm32f10x_it.o(i.UsageFault_Handler) for UsageFault_Handler
    startup_stm32f10x_hd.o(RESET) refers to stm32f10x_it.o(i.SVC_Handler) for SVC_Handler
    startup_stm32f10x_hd.o(RESET) refers to stm32f10x_it.o(i.DebugMon_Handler) for DebugMon_Handler
    startup_stm32f10x_hd.o(RESET) refers to stm32f10x_it.o(i.PendSV_Handler) for PendSV_Handler
    startup_stm32f10x_hd.o(RESET) refers to stm32f10x_it.o(i.SysTick_Handler) for SysTick_Handler
    startup_stm32f10x_hd.o(RESET) refers to usart.o(i.USART3_IRQHandler) for USART3_IRQHandler
    startup_stm32f10x_hd.o(RESET) refers to exti.o(i.EXTI15_10_IRQHandler) for EXTI15_10_IRQHandler
    startup_stm32f10x_hd.o(.text) refers to system_stm32f10x.o(i.SystemInit) for SystemInit
    startup_stm32f10x_hd.o(.text) refers to entry.o(.ARM.Collect$$$$00000000) for __main
    main.o(i.main) refers to usart.o(i.USART_Config) for USART_Config
    main.o(i.main) refers to mytime.o(i.GENERAL_TIM_Init) for GENERAL_TIM_Init
    main.o(i.main) refers to inputcapture.o(i.Encoder_TIM_init) for Encoder_TIM_init
    main.o(i.main) refers to delay.o(i.delay_init) for delay_init
    main.o(i.main) refers to printf8.o(i.__0printf$8) for __2printf
    main.o(i.main) refers to mpu6050.o(i.MPU6050_Init) for MPU6050_Init
    main.o(i.main) refers to inv_mpu.o(i.mpu_dmp_init) for mpu_dmp_init
    main.o(i.main) refers to pid.o(i.PID_Init) for PID_Init
    main.o(i.main) refers to exti.o(i.EXTI_Pxy_Config) for EXTI_Pxy_Config
    system_stm32f10x.o(i.SetSysClock) refers to system_stm32f10x.o(i.SetSysClockTo72) for SetSysClockTo72
    system_stm32f10x.o(i.SystemCoreClockUpdate) refers to system_stm32f10x.o(.data) for SystemCoreClock
    system_stm32f10x.o(i.SystemInit) refers to system_stm32f10x.o(i.SetSysClock) for SetSysClock
    stm32f10x_adc.o(i.ADC_DeInit) refers to stm32f10x_rcc.o(i.RCC_APB2PeriphResetCmd) for RCC_APB2PeriphResetCmd
    stm32f10x_gpio.o(i.GPIO_AFIODeInit) refers to stm32f10x_rcc.o(i.RCC_APB2PeriphResetCmd) for RCC_APB2PeriphResetCmd
    stm32f10x_gpio.o(i.GPIO_DeInit) refers to stm32f10x_rcc.o(i.RCC_APB2PeriphResetCmd) for RCC_APB2PeriphResetCmd
    stm32f10x_rcc.o(i.RCC_GetClocksFreq) refers to stm32f10x_rcc.o(.data) for APBAHBPrescTable
    stm32f10x_rcc.o(i.RCC_WaitForHSEStartUp) refers to stm32f10x_rcc.o(i.RCC_GetFlagStatus) for RCC_GetFlagStatus
    stm32f10x_tim.o(i.TIM_DeInit) refers to stm32f10x_rcc.o(i.RCC_APB2PeriphResetCmd) for RCC_APB2PeriphResetCmd
    stm32f10x_tim.o(i.TIM_DeInit) refers to stm32f10x_rcc.o(i.RCC_APB1PeriphResetCmd) for RCC_APB1PeriphResetCmd
    stm32f10x_tim.o(i.TIM_ETRClockMode1Config) refers to stm32f10x_tim.o(i.TIM_ETRConfig) for TIM_ETRConfig
    stm32f10x_tim.o(i.TIM_ETRClockMode2Config) refers to stm32f10x_tim.o(i.TIM_ETRConfig) for TIM_ETRConfig
    stm32f10x_tim.o(i.TIM_ICInit) refers to stm32f10x_tim.o(i.TI1_Config) for TI1_Config
    stm32f10x_tim.o(i.TIM_ICInit) refers to stm32f10x_tim.o(i.TIM_SetIC1Prescaler) for TIM_SetIC1Prescaler
    stm32f10x_tim.o(i.TIM_ICInit) refers to stm32f10x_tim.o(i.TI2_Config) for TI2_Config
    stm32f10x_tim.o(i.TIM_ICInit) refers to stm32f10x_tim.o(i.TIM_SetIC2Prescaler) for TIM_SetIC2Prescaler
    stm32f10x_tim.o(i.TIM_ICInit) refers to stm32f10x_tim.o(i.TI3_Config) for TI3_Config
    stm32f10x_tim.o(i.TIM_ICInit) refers to stm32f10x_tim.o(i.TIM_SetIC3Prescaler) for TIM_SetIC3Prescaler
    stm32f10x_tim.o(i.TIM_ICInit) refers to stm32f10x_tim.o(i.TI4_Config) for TI4_Config
    stm32f10x_tim.o(i.TIM_ICInit) refers to stm32f10x_tim.o(i.TIM_SetIC4Prescaler) for TIM_SetIC4Prescaler
    stm32f10x_tim.o(i.TIM_ITRxExternalClockConfig) refers to stm32f10x_tim.o(i.TIM_SelectInputTrigger) for TIM_SelectInputTrigger
    stm32f10x_tim.o(i.TIM_PWMIConfig) refers to stm32f10x_tim.o(i.TI1_Config) for TI1_Config
    stm32f10x_tim.o(i.TIM_PWMIConfig) refers to stm32f10x_tim.o(i.TIM_SetIC1Prescaler) for TIM_SetIC1Prescaler
    stm32f10x_tim.o(i.TIM_PWMIConfig) refers to stm32f10x_tim.o(i.TI2_Config) for TI2_Config
    stm32f10x_tim.o(i.TIM_PWMIConfig) refers to stm32f10x_tim.o(i.TIM_SetIC2Prescaler) for TIM_SetIC2Prescaler
[...]
    .text                                    0x080005e4   Section       20  cfcmple.o(.text)
    .text                                    0x080005f8   Section       20  cfrcmple.o(.text)
    .text                                    0x0800060c   Section        0  uldiv.o(.text)
    .text                                    0x0800066e   Section        0  llushr.o(.text)
    .text                                    0x0800068e   Section        0  iusefp.o(.text)
    .text                                    0x0800068e   Section        0  fepilogue.o(.text)
    .text                                    0x080006fc   Section        0  depilogue.o(.text)
    .text                                    0x080007b6   Section        0  dadd.o(.text)
    .text                                    0x08000904   Section        0  ddiv.o(.text)
    .text                                    0x080009e2   Section        0  dscalb.o(.text)
    .text                                    0x08000a10   Section       36  init.o(.text)
    .text                                    0x08000a34   Section        0  llshl.o(.text)
    .text                                    0x08000a52   Section        0  llsshr.o(.text)
    .text                                    0x08000a76   Section        0  dsqrt.o(.text)
    i.Balance                                0x08000b18   Section        0  pid.o(i.Balance)
    i.BusFault_Handler                       0x08000b7c   Section        0  stm32f10x_it.o(i.BusFault_Handler)
    i.DebugMon_Handler                       0x08000b80   Section        0  stm32f10x_it.o(i.DebugMon_Handler)
    i.ENCODER_TIM2_Mode_Config               0x08000b82   Section        0  inputcapture.o(i.ENCODER_TIM2_Mode_Config)
    i.ENCODER_TIM_GPIO_Config                0x08000c00   Section        0  inputcapture.o(i.ENCODER_TIM_GPIO_Config)
    i.ENCODER_TIM_Mode_Config                0x08000cac   Section        0  inputcapture.o(i.ENCODER_TIM_Mode_Config)
    i.EXTI15_10_IRQHandler                   0x08000d28   Section        0  exti.o(i.EXTI15_10_IRQHandler)
    i.EXTI_ClearITPendingBit                 0x08000e64   Section        0  stm32f10x_exti.o(i.EXTI_ClearITPendingBit)
    i.EXTI_GetITStatus                       0x08000e70   Section        0  stm32f10x_exti.o(i.EXTI_GetITStatus)
    i.EXTI_Init                              0x08000e98   Section        0  stm32f10x_exti.o(i.EXTI_Init)
    i.EXTI_Pxy_Config                        0x08000f2c   Section        0  exti.o(i.EXTI_Pxy_Config)
    i.Encoder_TIM_init                       0x08000f7c   Section        0  inputcapture.o(i.Encoder_TIM_init)
    i.GENERAL_TIM_GPIO_Config                0x08000f8c   Section        0  mytime.o(i.GENERAL_TIM_GPIO_Config)
    GENERAL_TIM_GPIO_Config                  0x08000f8d   Thumb Code   140  mytime.o(i.GENERAL_TIM_GPIO_Config)
    i.GENERAL_TIM_Init                       0x08001020   Section        0  mytime.o(i.GENERAL_TIM_Init)
    i.GENERAL_TIM_Mode_Config                0x0800102c   Section        0  mytime.o(i.GENERAL_TIM_Mode_Config)
    GENERAL_TIM_Mode_Config                  0x0800102d   Thumb Code   166  mytime.o(i.GENERAL_TIM_Mode_Config)
    i.GPIO_EXTILineConfig                    0x080010d8   Section        0  stm32f10x_gpio.o(i.GPIO_EXTILineConfig)
    i.GPIO_Init                              0x08001118   Section        0  stm32f10x_gpio.o(i.GPIO_Init)
    i.GPIO_PinRemapConfig                    0x08001230   Section        0  stm32f10x_gpio.o(i.GPIO_PinRemapConfig)
    i.GPIO_SetBits                           0x080012c0   Section        0  stm32f10x_gpio.o(i.GPIO_SetBits)
    i.HardFault_Handler                      0x080012c4   Section        0  stm32f10x_it.o(i.HardFault_Handler)
    i.MPU6050_Init                           0x080012c8   Section        0  mpu6050.o(i.MPU6050_Init)
    i.MPU_Get_Accelerometer                  0x08001342   Section        0  mpu6050.o(i.MPU_Get_Accelerometer)
    i.MPU_Get_Gyroscope                      0x08001392   Section        0  mpu6050.o(i.MPU_Get_Gyroscope)
    i.MPU_IIC_Ack                            0x080013e4   Section        0  mpuiic.o(i.MPU_IIC_Ack)
    i.MPU_IIC_Delay                          0x08001430   Section        0  mpuiic.o(i.MPU_IIC_Delay)
    i.MPU_IIC_Init                           0x0800143c   Section        0  mpuiic.o(i.MPU_IIC_Init)
    i.MPU_IIC_NAck                           0x08001470   Section        0  mpuiic.o(i.MPU_IIC_NAck)
    i.MPU_IIC_Read_Byte                      0x080014bc   Section        0  mpuiic.o(i.MPU_IIC_Read_Byte)
    i.MPU_IIC_Send_Byte                      0x08001528   Section        0  mpuiic.o(i.MPU_IIC_Send_Byte)
    i.MPU_IIC_Start                          0x08001584   Section        0  mpuiic.o(i.MPU_IIC_Start)
    i.MPU_IIC_Stop                           0x080015cc   Section        0  mpuiic.o(i.MPU_IIC_Stop)
    i.MPU_IIC_Wait_Ack                       0x08001614   Section        0  mpuiic.o(i.MPU_IIC_Wait_Ack)
    i.MPU_Read_Byte                          0x08001678   Section        0  mpu6050.o(i.MPU_Read_Byte)
    i.MPU_Read_Len                           0x080016b2   Section        0  mpu6050.o(i.MPU_Read_Len)
    i.MPU_Set_Accel_Fsr                      0x08001726   Section        0  mpu6050.o(i.MPU_Set_Accel_Fsr)
    i.MPU_Set_Gyro_Fsr                       0x08001736   Section        0  mpu6050.o(i.MPU_Set_Gyro_Fsr)
    i.MPU_Set_LPF                            0x08001746   Section        0  mpu6050.o(i.MPU_Set_LPF)
    i.MPU_Set_Rate                           0x08001780   Section        0  mpu6050.o(i.MPU_Set_Rate)
    i.MPU_Write_Byte                         0x080017ba   Section        0  mpu6050.o(i.MPU_Write_Byte)
    i.MPU_Write_Len                          0x080017fe   Section        0  mpu6050.o(i.MPU_Write_Len)
    i.MemManage_Handler                      0x0800185e   Section        0  stm32f10x_it.o(i.MemManage_Handler)
    i.My_Read_Encoder                        0x08001864   Section        0  inputcapture.o(i.My_Read_Encoder)
    i.Myabs                                  0x080018c8   Section        0  pid.o(i.Myabs)
    i.NMI_Handler                            0x080018f8   Section        0  stm32f10x_it.o(i.NMI_Handler)
    i.NVIC_Configuration                     0x080018fa   Section        0  exti.o(i.NVIC_Configuration)
    NVIC_Configuration                       0x080018fb   Thumb Code    40  exti.o(i.NVIC_Configuration)
    i.NVIC_Init                              0x08001924   Section        0  misc.o(i.NVIC_Init)
    i.NVIC_PriorityGroupConfig               0x08001994   Section        0  misc.o(i.NVIC_PriorityGroupConfig)
    i.PID_Init                               0x080019a8   Section        0  pid.o(i.PID_Init)
    i.PendSV_Handler                         0x080019dc   Section        0  stm32f10x_it.o(i.PendSV_Handler)
    i.RCC_APB1PeriphClockCmd                 0x080019e0   Section        0  stm32f10x_rcc.o(i.RCC_APB1PeriphClockCmd)
    i.RCC_APB2PeriphClockCmd                 0x08001a00   Section        0  stm32f10x_rcc.o(i.RCC_APB2PeriphClockCmd)
    i.RCC_GetClocksFreq                      0x08001a20   Section        0  stm32f10x_rcc.o(i.RCC_GetClocksFreq)
    i.SVC_Handler                            0x08001af4   Section        0  stm32f10x_it.o(i.SVC_Handler)
    i.SetSysClock                            0x08001af6   Section        0  system_stm32f10x.o(i.SetSysClock)
    SetSysClock                              0x08001af7   Thumb Code     8  system_stm32f10x.o(i.SetSysClock)
    i.SetSysClockTo72                        0x08001b00   Section        0  system_stm32f10x.o(i.SetSysClockTo72)
    SetSysClockTo72                          0x08001b01   Thumb Code   214  system_stm32f10x.o(i.SetSysClockTo72)
    i.SysTick_CLKSourceConfig                0x08001be0   Section        0  misc.o(i.SysTick_CLKSourceConfig)
    i.SysTick_Handler                        0x08001c08   Section        0  stm32f10x_it.o(i.SysTick_Handler)
    i.SystemInit                             0x08001c0c   Section        0  system_stm32f10x.o(i.SystemInit)
    i.TI1_Config                             0x08001c6c   Section        0  stm32f10x_tim.o(i.TI1_Config)
    TI1_Config                               0x08001c6d   Thumb Code   108  stm32f10x_tim.o(i.TI1_Config)
    i.TI2_Config                             0x08001cec   Section        0  stm32f10x_tim.o(i.TI2_Config)
    TI2_Config                               0x08001ced   Thumb Code   130  stm32f10x_tim.o(i.TI2_Config)
    i.TI3_Config                             0x08001d84   Section        0  stm32f10x_tim.o(i.TI3_Config)
    TI3_Config                               0x08001d85   Thumb Code   122  stm32f10x_tim.o(i.TI3_Config)
    i.TI4_Config                             0x08001e14   Section        0  stm32f10x_tim.o(i.TI4_Config)
    TI4_Config                               0x08001e15   Thumb Code   130  stm32f10x_tim.o(i.TI4_Config)
    i.TIM_ClearFlag                          0x08001eac   Section        0  stm32f10x_tim.o(i.TIM_ClearFlag)
    i.TIM_Cmd                                0x08001eb2   Section        0  stm32f10x_tim.o(i.TIM_Cmd)
    i.TIM_EncoderInterfaceConfig             0x08001eca   Section        0  stm32f10x_tim.o(i.TIM_EncoderInterfaceConfig)
    i.TIM_ICInit                             0x08001f0c   Section        0  stm32f10x_tim.o(i.TIM_ICInit)
    i.TIM_ICStructInit                       0x08001fb8   Section        0  stm32f10x_tim.o(i.TIM_ICStructInit)
    i.TIM_ITConfig                           0x08001fca   Section        0  stm32f10x_tim.o(i.TIM_ITConfig)
    i.TIM_OC1Init                            0x08001fdc   Section        0  stm32f10x_tim.o(i.TIM_OC1Init)
    i.TIM_OC1PreloadConfig                   0x08002074   Section        0  stm32f10x_tim.o(i.TIM_OC1PreloadConfig)
    i.TIM_OC2Init                            0x08002088   Section        0  stm32f10x_tim.o(i.TIM_OC2Init)
    i.TIM_OC2PreloadConfig                   0x0800212c   Section        0  stm32f10x_tim.o(i.TIM_OC2PreloadConfig)
    i.TIM_OC3Init                            0x08002148   Section        0  stm32f10x_tim.o(i.TIM_OC3Init)
    i.TIM_OC3PreloadConfig                   0x080021e8   Section        0  stm32f10x_tim.o(i.TIM_OC3PreloadConfig)
    i.TIM_OC4Init                            0x080021fc   Section        0  stm32f10x_tim.o(i.TIM_OC4Init)
    i.TIM_OC4PreloadConfig                   0x08002278   Section        0  stm32f10x_tim.o(i.TIM_OC4PreloadConfig)
    i.TIM_SetCompare1                        0x08002292   Section        0  stm32f10x_tim.o(i.TIM_SetCompare1)
    i.TIM_SetCompare2                        0x08002296   Section        0  stm32f10x_tim.o(i.TIM_SetCompare2)
    i.TIM_SetCompare3                        0x0800229a   Section        0  stm32f10x_tim.o(i.TIM_SetCompare3)
    i.TIM_SetCompare4                        0x0800229e   Section        0  stm32f10x_tim.o(i.TIM_SetCompare4)
    i.TIM_SetCounter                         0x080022a4   Section        0  stm32f10x_tim.o(i.TIM_SetCounter)
    i.TIM_SetIC1Prescaler                    0x080022a8   Section        0  stm32f10x_tim.o(i.TIM_SetIC1Prescaler)
    i.TIM_SetIC2Prescaler                    0x080022ba   Section        0  stm32f10x_tim.o(i.TIM_SetIC2Prescaler)
    i.TIM_SetIC3Prescaler                    0x080022d4   Section        0  stm32f10x_tim.o(i.TIM_SetIC3Prescaler)
    i.TIM_SetIC4Prescaler                    0x080022e6   Section        0  stm32f10x_tim.o(i.TIM_SetIC4Prescaler)
    i.TIM_TimeBaseInit                       0x08002300   Section        0  stm32f10x_tim.o(i.TIM_TimeBaseInit)
    i.USART3_IRQHandler                      0x080023a4   Section        0  usart.o(i.USART3_IRQHandler)
    i.USART_Cmd                              0x08002414   Section        0  stm32f10x_usart.o(i.USART_Cmd)
    i.USART_Config                           0x0800242c   Section        0  usart.o(i.USART_Config)
    i.USART_GetFlagStatus                    0x080024ac   Section        0  stm32f10x_usart.o(i.USART_GetFlagStatus)
    i.USART_GetITStatus                      0x080024c6   Section        0  stm32f10x_usart.o(i.USART_GetITStatus)
    i.USART_Init                             0x0800251c   Section        0  stm32f10x_usart.o(i.USART_Init)
    i.USART_ReceiveData                      0x080025f4   Section        0  stm32f10x_usart.o(i.USART_ReceiveData)
    i.USART_SendData                         0x080025fe   Section        0  stm32f10x_usart.o(i.USART_SendData)
    i.UsageFault_Handler                     0x08002606   Section        0  stm32f10x_it.o(i.UsageFault_Handler)
    i.Velocity                               0x0800260c   Section        0  pid.o(i.Velocity)
    i.__0printf$8                            0x08002708   Section        0  printf8.o(i.__0printf$8)
    i.__ARM_fpclassify                       0x08002728   Section        0  fpclassify.o(i.__ARM_fpclassify)
    i.__kernel_poly                          0x08002750   Section        0  poly.o(i.__kernel_poly)
    i.__mathlib_dbl_infnan                   0x080027fa   Section        0  dunder.o(i.__mathlib_dbl_infnan)
    i.__mathlib_dbl_infnan2                  0x08002800   Section        0  dunder.o(i.__mathlib_dbl_infnan2)
    i.__mathlib_dbl_invalid                  0x08002804   Section        0  dunder.o(i.__mathlib_dbl_invalid)
    i.__mathlib_dbl_underflow                0x08002810   Section        0  dunder.o(i.__mathlib_dbl_underflow)
    i.__scatterload_copy                     0x08002820   Section       14  handlers.o(i.__scatterload_copy)
    i.__scatterload_null                     0x0800282e   Section        2  handlers.o(i.__scatterload_null)
    i.__scatterload_zeroinit                 0x08002830   Section       14  handlers.o(i.__scatterload_zeroinit)
    i.__set_errno                            0x08002840   Section        0  errno.o(i.__set_errno)
    i._printf_core                           0x0800284c   Section        0  printf8.o(i._printf_core)
    _printf_core                             0x0800284d   Thumb Code   984  printf8.o(i._printf_core)
    i._printf_post_padding                   0x08002c50   Section        0  printf8.o(i._printf_post_padding)
    _printf_post_padding                     0x08002c51   Thumb Code    36  printf8.o(i._printf_post_padding)
    i._printf_pre_padding                    0x08002c74   Section        0  printf8.o(i._printf_pre_padding)
    _printf_pre_padding                      0x08002c75   Thumb Code    46  printf8.o(i._printf_pre_padding)
    i.accel_self_test                        0x08002ca4   Section        0  inv_mpu.o(i.accel_self_test)
    accel_self_test                          0x08002ca5   Thumb Code   164  inv_mpu.o(i.accel_self_test)
    i.asin                                   0x08002d4c   Section        0  asin.o(i.asin)
    i.atan                                   0x08002fbc   Section        0  atan.o(i.atan)
    i.atan2                                  0x080031dc   Section        0  atan2.o(i.atan2)
    i.decode_gesture                         0x08003378   Section        0  inv_mpu_dmp_motion_driver.o(i.decode_gesture)
    decode_gesture                           0x08003379   Thumb Code    94  inv_mpu_dmp_motion_driver.o(i.decode_gesture)
    i.delay_init                             0x080033dc   Section        0  delay.o(i.delay_init)
    i.delay_ms                               0x08003420   Section        0  delay.o(i.delay_ms)
    i.delay_us                               0x0800346c   Section        0  delay.o(i.delay_us)
    i.dmp_enable_6x_lp_quat                  0x080034b8   Section        0  inv_mpu_dmp_motion_driver.o(i.dmp_enable_6x_lp_quat)
    i.dmp_enable_feature                     0x080034f4   Section        0  inv_mpu_dmp_motion_driver.o(i.dmp_enable_feature)
    i.dmp_enable_gyro_cal                    0x08003710   Section        0  inv_mpu_dmp_motion_driver.o(i.dmp_enable_gyro_cal)
    i.dmp_enable_lp_quat                     0x08003768   Section        0  inv_mpu_dmp_motion_driver.o(i.dmp_enable_lp_quat)
    i.dmp_load_motion_driver_firmware        0x080037a4   Section        0  inv_mpu_dmp_motion_driver.o(i.dmp_load_motion_driver_firmware)
    i.dmp_read_fifo                          0x080037bc   Section        0  inv_mpu_dmp_motion_driver.o(i.dmp_read_fifo)
    i.dmp_set_accel_bias                     0x08003988   Section        0  inv_mpu_dmp_motion_driver.o(i.dmp_set_accel_bias)
    i.dmp_set_fifo_rate                      0x08003ab8   Section        0  inv_mpu_dmp_motion_driver.o(i.dmp_set_fifo_rate)
    i.dmp_set_gyro_bias                      0x08003b28   Section        0  inv_mpu_dmp_motion_driver.o(i.dmp_set_gyro_bias)
    i.dmp_set_orientation                    0x08003c58   Section        0  inv_mpu_dmp_motion_driver.o(i.dmp_set_orientation)
    i.dmp_set_shake_reject_thresh            0x08003d90   Section        0  inv_mpu_dmp_motion_driver.o(i.dmp_set_shake_reject_thresh)
    i.dmp_set_shake_reject_time              0x08003dc8   Section        0  inv_mpu_dmp_motion_driver.o(i.dmp_set_shake_reject_time)
    i.dmp_set_shake_reject_timeout           0x08003dee   Section        0  inv_mpu_dmp_motion_driver.o(i.dmp_set_shake_reject_timeout)
    i.dmp_set_tap_axes                       0x08003e14   Section        0  inv_mpu_dmp_motion_driver.o(i.dmp_set_tap_axes)
    i.dmp_set_tap_count                      0x08003e5a   Section        0  inv_mpu_dmp_motion_driver.o(i.dmp_set_tap_count)
    i.dmp_set_tap_thresh                     0x08003e80   Section        0  inv_mpu_dmp_motion_driver.o(i.dmp_set_tap_thresh)
    i.dmp_set_tap_time                       0x08004020   Section        0  inv_mpu_dmp_motion_driver.o(i.dmp_set_tap_time)
    i.dmp_set_tap_time_multi                 0x08004046   Section        0  inv_mpu_dmp_motion_driver.o(i.dmp_set_tap_time_multi)
    i.fputc                                  0x0800406c   Section        0  usart.o(i.fputc)
    i.get_accel_prod_shift                   0x08004090   Section        0  inv_mpu.o(i.get_accel_prod_shift)
    get_accel_prod_shift                     0x08004091   Thumb Code   168  inv_mpu.o(i.get_accel_prod_shift)
    i.get_st_biases                          0x08004144   Section        0  inv_mpu.o(i.get_st_biases)
    get_st_biases                            0x08004145   Thumb Code  1128  inv_mpu.o(i.get_st_biases)
    i.gyro_self_test                         0x080045b0   Section        0  inv_mpu.o(i.gyro_self_test)
    gyro_self_test                           0x080045b1   Thumb Code   256  inv_mpu.o(i.gyro_self_test)
    i.inv_orientation_matrix_to_scalar       0x080046c0   Section        0  inv_mpu.o(i.inv_orientation_matrix_to_scalar)
    i.inv_row_2_scale                        0x080046e8   Section        0  inv_mpu.o(i.inv_row_2_scale)
    i.main                                   0x08004738   Section        0  main.o(i.main)
    i.mget_ms                                0x0800477c   Section        0  inv_mpu.o(i.mget_ms)
    i.mpu_configure_fifo                     0x08004780   Section        0  inv_mpu.o(i.mpu_configure_fifo)
    i.mpu_dmp_get_data                       0x080047f0   Section        0  inv_mpu.o(i.mpu_dmp_get_data)
    i.mpu_dmp_init                           0x08004a14   Section        0  inv_mpu.o(i.mpu_dmp_init)
    i.mpu_get_accel_fsr                      0x08004ab4   Section        0  inv_mpu.o(i.mpu_get_accel_fsr)
    i.mpu_get_accel_sens                     0x08004b00   Section        0  inv_mpu.o(i.mpu_get_accel_sens)
    i.mpu_get_fifo_config                    0x08004b54   Section        0  inv_mpu.o(i.mpu_get_fifo_config)
    i.mpu_get_gyro_fsr                       0x08004b64   Section        0  inv_mpu.o(i.mpu_get_gyro_fsr)
    i.mpu_get_gyro_sens                      0x08004ba8   Section        0  inv_mpu.o(i.mpu_get_gyro_sens)
    i.mpu_get_lpf                            0x08004bf8   Section        0  inv_mpu.o(i.mpu_get_lpf)
    i.mpu_get_sample_rate                    0x08004c48   Section        0  inv_mpu.o(i.mpu_get_sample_rate)
    i.mpu_init                               0x08004c68   Section        0  inv_mpu.o(i.mpu_init)
    i.mpu_load_firmware                      0x08004e58   Section        0  inv_mpu.o(i.mpu_load_firmware)
    i.mpu_lp_accel_mode                      0x08004f10   Section        0  inv_mpu.o(i.mpu_lp_accel_mode)
    i.mpu_read_fifo_stream                   0x08004ff0   Section        0  inv_mpu.o(i.mpu_read_fifo_stream)
    i.mpu_read_mem                           0x080050b0   Section        0  inv_mpu.o(i.mpu_read_mem)
    i.mpu_reset_fifo                         0x08005130   Section        0  inv_mpu.o(i.mpu_reset_fifo)
    i.mpu_run_self_test                      0x080052f8   Section        0  inv_mpu.o(i.mpu_run_self_test)
    i.mpu_set_accel_fsr                      0x08005414   Section        0  inv_mpu.o(i.mpu_set_accel_fsr)
    i.mpu_set_bypass                         0x08005498   Section        0  inv_mpu.o(i.mpu_set_bypass)
    i.mpu_set_dmp_state                      0x080055e4   Section        0  inv_mpu.o(i.mpu_set_dmp_state)
    i.mpu_set_gyro_fsr                       0x08005674   Section        0  inv_mpu.o(i.mpu_set_gyro_fsr)
    i.mpu_set_int_latched                    0x080056fc   Section        0  inv_mpu.o(i.mpu_set_int_latched)
    i.mpu_set_lpf                            0x08005768   Section        0  inv_mpu.o(i.mpu_set_lpf)
    i.mpu_set_sample_rate                    0x080057ec   Section        0  inv_mpu.o(i.mpu_set_sample_rate)
    i.mpu_set_sensors                        0x08005888   Section        0  inv_mpu.o(i.mpu_set_sensors)
    i.mpu_write_mem                          0x08005958   Section        0  inv_mpu.o(i.mpu_write_mem)
    i.run_self_test                          0x080059d8   Section        0  inv_mpu.o(i.run_self_test)
    i.set_int_enable                         0x08005a6c   Section        0  inv_mpu.o(i.set_int_enable)
    set_int_enable                           0x08005a6d   Thumb Code   138  inv_mpu.o(i.set_int_enable)
    i.sqrt                                   0x08005afc   Section        0  sqrt.o(i.sqrt)
    .constdata                               0x08005b48   Section       80  inv_mpu.o(.constdata)
    .constdata                               0x08005b98   Section     3062  inv_mpu_dmp_motion_driver.o(.constdata)
    dmp_memory                               0x08005b98   Data        3062  inv_mpu_dmp_motion_driver.o(.constdata)
    .constdata                               0x08006790   Section       80  asin.o(.constdata)
    pS                                       0x08006790   Data          48  asin.o(.constdata)
    qS                                       0x080067c0   Data          32  asin.o(.constdata)
    .constdata                               0x080067e0   Section      152  atan.o(.constdata)
    atanhi                                   0x080067e0   Data          32  atan.o(.constdata)
    atanlo                                   0x08006800   Data          32  atan.o(.constdata)
    aTodd                                    0x08006820   Data          40  atan.o(.constdata)
    aTeven                                   0x08006848   Data          48  atan.o(.constdata)
    .constdata                               0x08006878   Section        8  qnan.o(.constdata)
    .conststring                             0x08006880   Section       77  inv_mpu.o(.conststring)
    .data                                    0x20000000   Section       24  main.o(.data)
    .data                                    0x20000018   Section       20  system_stm32f10x.o(.data)
    .data                                    0x2000002c   Section       20  stm32f10x_rcc.o(.data)
    APBAHBPrescTable                         0x2000002c   Data          16  stm32f10x_rcc.o(.data)
    ADCPrescTable                            0x2000003c   Data           4  stm32f10x_rcc.o(.data)
    .data                                    0x20000040   Section        3  usart.o(.data)
    .data                                    0x20000044   Section        4  delay.o(.data)
    fac_us                                   0x20000044   Data           1  delay.o(.data)
    fac_ms                                   0x20000046   Data           2  delay.o(.data)
    .data                                    0x20000048   Section       36  pid.o(.data)
    PWM_out                                  0x2000005c   Data           4  pid.o(.data)
    Encoder_S                                0x20000060   Data           4  pid.o(.data)
    EnC_Err_Lowout                           0x20000064   Data           4  pid.o(.data)
    EnC_Err_Lowout_last                      0x20000068   Data           4  pid.o(.data)
    .data                                    0x2000006c   Section       14  exti.o(.data)
    Balance_out                              0x2000006c   Data           4  exti.o(.data)
    Velocity_out                             0x20000070   Data           4  exti.o(.data)
    .data                                    0x2000007c   Section       53  inv_mpu.o(.data)
    st                                       0x2000007c   Data          44  inv_mpu.o(.data)
    gyro_orientation                         0x200000a8   Data           9  inv_mpu.o(.data)
    .data                                    0x200000b4   Section        4  stdout.o(.data)
    .data                                    0x200000b8   Section        4  errno.o(.data)
    _errno                                   0x200000b8   Data           4  errno.o(.data)
    .bss                                     0x200000bc   Section      100  usart.o(.bss)
    .bss                                     0x20000120   Section       44  pid.o(.bss)
    .bss                                     0x2000014c   Section       16  inv_mpu_dmp_motion_driver.o(.bss)
    dmp                                      0x2000014c   Data          16  inv_mpu_dmp_motion_driver.o(.bss)
    STACK                                    0x20000160   Section     1024  startup_stm32f10x_hd.o(STACK)

    Global Symbols

    Symbol Name                              Value     Ov Type        Size  Object(Section)

    BuildAttributes$$THM_ISAv4$P$D$K$B$S$PE$A:L22UL41UL21$X:L11$S22US41US21$IEEE1$IW$USESV6$~STKCKD$USESV7$~SHL$OTIME$ROPI$IEEEX$EBA8$MICROLIB$REQ8$PRES8$EABIv2 0x00000000   Number         0  anon$$obj.o ABSOLUTE
    __ARM_use_no_argv                        0x00000000   Number         0  main.o ABSOLUTE
    _printf_a                                0x00000000   Number         0  stubs.o ABSOLUTE
    _printf_c                                0x00000000   Number         0  stubs.o ABSOLUTE
    _printf_charcount                        0x00000000   Number         0  stubs.o ABSOLUTE
    _printf_d                                0x00000000   Number         0  stubs.o ABSOLUTE
    _printf_e                                0x00000000   Number         0  stubs.o ABSOLUTE
    _printf_f                                0x00000000   Number         0  stubs.o ABSOLUTE
    _printf_flags                            0x00000000   Number         0  stubs.o ABSOLUTE
    _printf_fp_dec                           0x00000000   Number         0  stubs.o ABSOLUTE
    _printf_fp_hex                           0x00000000   Number         0  stubs.o ABSOLUTE
    _printf_g                                0x00000000   Number         0  stubs.o ABSOLUTE
    _printf_i                                0x00000000   Number         0  stubs.o ABSOLUTE
    _printf_int_dec                          0x00000000   Number         0  stubs.o ABSOLUTE
    _printf_l                                0x00000000   Number         0  stubs.o ABSOLUTE
    _printf_lc                               0x00000000   Number         0  stubs.o ABSOLUTE
    _printf_ll                               0x00000000   Number         0  stubs.o ABSOLUTE
    _printf_lld                              0x00000000   Number         0  stubs.o ABSOLUTE
    _printf_lli                              0x00000000   Number         0  stubs.o ABSOLUTE
    _printf_llo                              0x00000000   Number         0  stubs.o ABSOLUTE
    _printf_llu                              0x00000000   Number         0  stubs.o ABSOLUTE
    _printf_llx                              0x00000000   Number         0  stubs.o ABSOLUTE
    _printf_longlong_dec                     0x00000000   Number         0  stubs.o ABSOLUTE
    _printf_longlong_hex                     0x00000000   Number         0  stubs.o ABSOLUTE
    _printf_longlong_oct                     0x00000000   Number         0  stubs.o ABSOLUTE
    _printf_ls                               0x00000000   Number         0  stubs.o ABSOLUTE
    _printf_mbtowc                           0x00000000   Number         0  stubs.o ABSOLUTE
    _printf_n                                0x00000000   Number         0  stubs.o ABSOLUTE
    _printf_o                                0x00000000   Number         0  stubs.o ABSOLUTE
    _printf_p                                0x00000000   Number         0  stubs.o ABSOLUTE
    _printf_percent                          0x00000000   Number         0  stubs.o ABSOLUTE
    _printf_pre_padding                      0x00000000   Number         0  stubs.o ABSOLUTE
    _printf_return_value                     0x00000000   Number         0  stubs.o ABSOLUTE
    _printf_s                                0x00000000   Number         0  stubs.o ABSOLUTE
    _printf_sizespec                         0x00000000   Number         0  stubs.o ABSOLUTE
    _printf_str                              0x00000000   Number         0  stubs.o ABSOLUTE
    _printf_truncate_signed                  0x00000000   Number         0  stubs.o ABSOLUTE
    _printf_truncate_unsigned                0x00000000   Number         0  stubs.o ABSOLUTE
    _printf_u                                0x00000000   Number         0  stubs.o ABSOLUTE
    _printf_wc                               0x00000000   Number         0  stubs.o ABSOLUTE
    _printf_wctomb                           0x00000000   Number         0  stubs.o ABSOLUTE
    _printf_widthprec                        0x00000000   Number         0  stubs.o ABSOLUTE
    _printf_x                                0x00000000   Number         0  stubs.o ABSOLUTE
    __arm_fini_                               - Undefined Weak Reference
    __cpp_initialize__aeabi_                  - Undefined Weak Reference
    __cxa_finalize                            - Undefined Weak Reference
    __decompress                              - Undefined Weak Reference
    _clock_init                               - Undefined Weak Reference
    _microlib_exit                            - Undefined Weak Reference
    __Vectors_Size                           0x00000130   Number         0  startup_stm32f10x_hd.o ABSOLUTE
    __Vectors                                0x08000000   Data           4  startup_stm32f10x_hd.o(RESET)
    __Vectors_End                            0x08000130   Data           0  startup_stm32f10x_hd.o(RESET)
    __main                                   0x08000131   Thumb Code     0  entry.o(.ARM.Collect$$$$00000000)
    _main_stk                                0x08000131   Thumb Code     0  entry2.o(.ARM.Collect$$$$00000001)
    _main_scatterload                        0x08000135   Thumb Code     0  entry5.o(.ARM.Collect$$$$00000004)
    __main_after_scatterload                 0x08000139   Thumb Code     0  entry5.o(.ARM.Collect$$$$00000004)
    _main_clock                              0x08000139   Thumb Code     0  entry7b.o(.ARM.Collect$$$$00000008)
    _main_cpp_init                           0x08000139   Thumb Code     0  entry8b.o(.ARM.Collect$$$$0000000A)
    _main_init                               0x08000139   Thumb Code     0  entry9a.o(.ARM.Collect$$$$0000000B)
    __rt_lib_shutdown_fini                   0x08000141   Thumb Code     0  entry12b.o(.ARM.Collect$$$$0000000E)
    __rt_final_cpp                           0x08000145   Thumb Code     0  entry10a.o(.ARM.Collect$$$$0000000F)
    __rt_final_exit                          0x08000145   Thumb Code     0  entry11a.o(.ARM.Collect$$$$00000011)
    Reset_Handler                            0x08000149   Thumb Code     8  startup_stm32f10x_hd.o(.text)
    ADC1_2_IRQHandler                        0x08000163   Thumb Code     0  startup_stm32f10x_hd.o(.text)
    ADC3_IRQHandler                          0x08000163   Thumb Code     0  startup_stm32f10x_hd.o(.text)
    CAN1_RX1_IRQHandler                      0x08000163   Thumb Code     0  startup_stm32f10x_hd.o(.text)
    CAN1_SCE_IRQHandler                      0x08000163   Thumb Code     0  startup_stm32f10x_hd.o(.text)
    DMA1_Channel1_IRQHandler                 0x08000163   Thumb Code     0  startup_stm32f10x_hd.o(.text)
    DMA1_Channel2_IRQHandler                 0x08000163   Thumb Code     0  startup_stm32f10x_hd.o(.text)
    DMA1_Channel3_IRQHandler                 0x08000163   Thumb Code     0  startup_stm32f10x_hd.o(.text)
    DMA1_Channel4_IRQHandler                 0x08000163   Thumb Code     0  startup_stm32f10x_hd.o(.text)
    DMA1_Channel5_IRQHandler                 0x08000163   Thumb Code     0  startup_stm32f10x_hd.o(.text)
    DMA1_Channel6_IRQHandler                 0x08000163   Thumb Code     0  startup_stm32f10x_hd.o(.text)
    DMA1_Channel7_IRQHandler                 0x08000163   Thumb Code     0  startup_stm32f10x_hd.o(.text)
    DMA2_Channel1_IRQHandler                 0x08000163   Thumb Code     0  startup_stm32f10x_hd.o(.text)
    DMA2_Channel2_IRQHandler                 0x08000163   Thumb Code     0  startup_stm32f10x_hd.o(.text)
    DMA2_Channel3_IRQHandler                 0x08000163   Thumb Code     0  startup_stm32f10x_hd.o(.text)
    DMA2_Channel4_5_IRQHandler               0x08000163   Thumb Code     0  startup_stm32f10x_hd.o(.text)
    EXTI0_IRQHandler                         0x08000163   Thumb Code     0  startup_stm32f10x_hd.o(.text)
    EXTI1_IRQHandler                         0x08000163   Thumb Code     0  startup_stm32f10x_hd.o(.text)
    EXTI2_IRQHandler                         0x08000163   Thumb Code     0  startup_stm32f10x_hd.o(.text)
    EXTI3_IRQHandler                         0x08000163   Thumb Code     0  startup_stm32f10x_hd.o(.text)
    EXTI4_IRQHandler                         0x08000163   Thumb Code     0  startup_stm32f10x_hd.o(.text)
    EXTI9_5_IRQHandler                       0x08000163   Thumb Code     0  startup_stm32f10x_hd.o(.text)
    FLASH_IRQHandler                         0x08000163   Thumb Code     0  startup_stm32f10x_hd.o(.text)
    FSMC_IRQHandler                          0x08000163   Thumb Code     0  startup_stm32f10x_hd.o(.text)
    I2C1_ER_IRQHandler                       0x08000163   Thumb Code     0  startup_stm32f10x_hd.o(.text)
    I2C1_EV_IRQHandler                       0x08000163   Thumb Code     0  startup_stm32f10x_hd.o(.text)
    I2C2_ER_IRQHandler                       0x08000163   Thumb Code     0  startup_stm32f10x_hd.o(.text)
    I2C2_EV_IRQHandler                       0x08000163   Thumb Code     0  startup_stm32f10x_hd.o(.text)
    PVD_IRQHandler                           0x08000163   Thumb Code     0  startup_stm32f10x_hd.o(.text)
    RCC_IRQHandler                           0x08000163   Thumb Code     0  startup_stm32f10x_hd.o(.text)
    RTCAlarm_IRQHandler                      0x08000163   Thumb Code     0  startup_stm32f10x_hd.o(.text)
    RTC_IRQHandler                           0x08000163   Thumb Code     0  startup_stm32f10x_hd.o(.text)
    SDIO_IRQHandler                          0x08000163   Thumb Code     0  startup_stm32f10x_hd.o(.text)
    SPI1_IRQHandler                          0x08000163   Thumb Code     0  startup_stm32f10x_hd.o(.text)
    SPI2_IRQHandler                          0x08000163   Thumb Code     0  startup_stm32f10x_hd.o(.text)
    SPI3_IRQHandler                          0x08000163   Thumb Code     0  startup_stm32f10x_hd.o(.text)
    TAMPER_IRQHandler                        0x08000163   Thumb Code     0  startup_stm32f10x_hd.o(.text)
    TIM1_BRK_IRQHandler                      0x08000163   Thumb Code     0  startup_stm32f10x_hd.o(.text)
    TIM1_CC_IRQHandler                       0x08000163   Thumb Code     0  startup_stm32f10x_hd.o(.text)
    TIM1_TRG_COM_IRQHandler                  0x08000163   Thumb Code     0  startup_stm32f10x_hd.o(.text)
    TIM1_UP_IRQHandler                       0x08000163   Thumb Code     0  startup_stm32f10x_hd.o(.text)
    TIM2_IRQHandler                          0x08000163   Thumb Code     0  startup_stm32f10x_hd.o(.text)
    TIM3_IRQHandler                          0x08000163   Thumb Code     0  startup_stm32f10x_hd.o(.text)
    TIM4_IRQHandler                          0x08000163   Thumb Code     0  startup_stm32f10x_hd.o(.text)
    TIM5_IRQHandler                          0x08000163   Thumb Code     0  startup_stm32f10x_hd.o(.text)
    TIM6_IRQHandler                          0x08000163   Thumb Code     0  startup_stm32f10x_hd.o(.text)
    TIM7_IRQHandler                          0x08000163   Thumb Code     0  startup_stm32f10x_hd.o(.text)
    TIM8_BRK_IRQHandler                      0x08000163   Thumb Code     0  startup_stm32f10x_hd.o(.text)
    TIM8_CC_IRQHandler                       0x08000163   Thumb Code     0  startup_stm32f10x_hd.o(.text)
    TIM8_TRG_COM_IRQHandler                  0x08000163   Thumb Code     0  startup_stm32f10x_hd.o(.text)
    TIM8_UP_IRQHandler                       0x08000163   Thumb Code     0  startup_stm32f10x_hd.o(.text)
    UART4_IRQHandler                         0x08000163   Thumb Code     0  startup_stm32f10x_hd.o(.text)
    UART5_IRQHandler                         0x08000163   Thumb Code     0  startup_stm32f10x_hd.o(.text)
    USART1_IRQHandler                        0x08000163   Thumb Code     0  startup_stm32f10x_hd.o(.text)
    USART2_IRQHandler                        0x08000163   Thumb Code     0  startup_stm32f10x_hd.o(.text)
    USBWakeUp_IRQHandler                     0x08000163   Thumb Code     0  startup_stm32f10x_hd.o(.text)
    USB_HP_CAN1_TX_IRQHandler                0x08000163   Thumb Code     0  startup_stm32f10x_hd.o(.text)
    USB_LP_CAN1_RX0_IRQHandler               0x08000163   Thumb Code     0  startup_stm32f10x_hd.o(.text)
    WWDG_IRQHandler                          0x08000163   Thumb Code     0  startup_stm32f10x_hd.o(.text)
    __aeabi_ldivmod                          0x0800016d   Thumb Code    98  ldiv.o(.text)
    __aeabi_memset                           0x080001cf   Thumb Code    14  memseta.o(.text)
    __aeabi_memset4                          0x080001cf   Thumb Code     0  memseta.o(.text)
    __aeabi_memset8                          0x080001cf   Thumb Code     0  memseta.o(.text)
    __aeabi_memclr                           0x080001dd   Thumb Code     4  memseta.o(.text)
    __aeabi_memclr4                          0x080001dd   Thumb Code     0  memseta.o(.text)
    __aeabi_memclr8                          0x080001dd   Thumb Code     0  memseta.o(.text)
    _memset$wrapper                          0x080001e1   Thumb Code    18  memseta.o(.text)
    memcmp                                   0x080001f3   Thumb Code    26  memcmp.o(.text)
    __aeabi_fadd                             0x0800020d   Thumb Code   164  fadd.o(.text)
    __aeabi_fsub                             0x080002b1   Thumb Code     6  fadd.o(.text)
    __aeabi_frsub                            0x080002b7   Thumb Code     6  fadd.o(.text)
    __aeabi_fmul                             0x080002bd   Thumb Code   100  fmul.o(.text)
    __aeabi_fdiv                             0x08000321   Thumb Code   124  fdiv.o(.text)
    __aeabi_dmul                             0x0800039d   Thumb Code   228  dmul.o(.text)
    __aeabi_i2f                              0x08000481   Thumb Code    18  fflti.o(.text)
    __aeabi_ui2f                             0x08000493   Thumb Code    10  ffltui.o(.text)
    __aeabi_i2d                              0x0800049d   Thumb Code    34  dflti.o(.text)
    __aeabi_f2iz                             0x080004bf   Thumb Code    50  ffixi.o(.text)
    __aeabi_f2uiz                            0x080004f1   Thumb Code    40  ffixui.o(.text)
    __aeabi_d2iz                             0x08000519   Thumb Code    62  dfixi.o(.text)
    __aeabi_f2d                              0x08000557   Thumb Code    38  f2d.o(.text)
    __aeabi_cdcmpeq                          0x0800057d   Thumb Code     0  cdcmple.o(.text)
    __aeabi_cdcmple                          0x0800057d   Thumb Code    48  cdcmple.o(.text)
    __aeabi_d2f                              0x080005ad   Thumb Code    56  d2f.o(.text)
    __aeabi_cfcmpeq                          0x080005e5   Thumb Code     0  cfcmple.o(.text)
    __aeabi_cfcmple                          0x080005e5   Thumb Code    20  cfcmple.o(.text)
    __aeabi_cfrcmple                         0x080005f9   Thumb Code    20  cfrcmple.o(.text)
    __aeabi_uldivmod                         0x0800060d   Thumb Code    98  uldiv.o(.text)
    __aeabi_llsr                             0x0800066f   Thumb Code    32  llushr.o(.text)
    _ll_ushift_r                             0x0800066f   Thumb Code     0  llushr.o(.text)
    __I$use$fp                               0x0800068f   Thumb Code     0  iusefp.o(.text)
    _float_round                             0x0800068f   Thumb Code    18  fepilogue.o(.text)
    _float_epilogue                          0x080006a1   Thumb Code    92  fepilogue.o(.text)
    _double_round                            0x080006fd   Thumb Code    30  depilogue.o(.text)
    _double_epilogue                         0x0800071b   Thumb Code   156  depilogue.o(.text)
    __aeabi_dadd                             0x080007b7   Thumb Code   322  dadd.o(.text)
    __aeabi_dsub                             0x080008f9   Thumb Code     6  dadd.o(.text)
    __aeabi_drsub                            0x080008ff   Thumb Code     6  dadd.o(.text)
    __aeabi_ddiv                             0x08000905   Thumb Code   222  ddiv.o(.text)
    __ARM_scalbn                             0x080009e3   Thumb Code    46  dscalb.o(.text)
    scalbn                                   0x080009e3   Thumb Code     0  dscalb.o(.text)
    __scatterload                            0x08000a11   Thumb Code    28  init.o(.text)
    __scatterload_rt2                        0x08000a11   Thumb Code     0  init.o(.text)
    __aeabi_llsl                             0x08000a35   Thumb Code    30  llshl.o(.text)
    _ll_shift_l                              0x08000a35   Thumb Code     0  llshl.o(.text)
    __aeabi_lasr                             0x08000a53   Thumb Code    36  llsshr.o(.text)
    _ll_sshift_r                             0x08000a53   Thumb Code     0  llsshr.o(.text)
    _dsqrt                                   0x08000a77   Thumb Code   162  dsqrt.o(.text)
    Balance                                  0x08000b19   Thumb Code    90  pid.o(i.Balance)
    BusFault_Handler                         0x08000b7d   Thumb Code     4  stm32f10x_it.o(i.BusFault_Handler)
    DebugMon_Handler                         0x08000b81   Thumb Code     2  stm32f10x_it.o(i.DebugMon_Handler)
    ENCODER_TIM2_Mode_Config                 0x08000b83   Thumb Code   124  inputcapture.o(i.ENCODER_TIM2_Mode_Config)
    ENCODER_TIM_GPIO_Config                  0x08000c01   Thumb Code   154  inputcapture.o(i.ENCODER_TIM_GPIO_Config)
    ENCODER_TIM_Mode_Config                  0x08000cad   Thumb Code   118  inputcapture.o(i.ENCODER_TIM_Mode_Config)
    EXTI15_10_IRQHandler                     0x08000d29   Thumb Code   248  exti.o(i.EXTI15_10_IRQHandler)
    EXTI_ClearITPendingBit                   0x08000e65   Thumb Code     6  stm32f10x_exti.o(i.EXTI_ClearITPendingBit)
    EXTI_GetITStatus                         0x08000e71   Thumb Code    34  stm32f10x_exti.o(i.EXTI_GetITStatus)
    EXTI_Init                                0x08000e99   Thumb Code   142  stm32f10x_exti.o(i.EXTI_Init)
    EXTI_Pxy_Config                          0x08000f2d   Thumb Code    76  exti.o(i.EXTI_Pxy_Config)
    Encoder_TIM_init                         0x08000f7d   Thumb Code    16  inputcapture.o(i.Encoder_TIM_init)
    GENERAL_TIM_Init                         0x08001021   Thumb Code    12  mytime.o(i.GENERAL_TIM_Init)
    GPIO_EXTILineConfig                      0x080010d9   Thumb Code    60  stm32f10x_gpio.o(i.GPIO_EXTILineConfig)
    GPIO_Init                                0x08001119   Thumb Code   278  stm32f10x_gpio.o(i.GPIO_Init)
    GPIO_PinRemapConfig                      0x08001231   Thumb Code   138  stm32f10x_gpio.o(i.GPIO_PinRemapConfig)
    GPIO_SetBits                             0x080012c1   Thumb Code     4  stm32f10x_gpio.o(i.GPIO_SetBits)
    HardFault_Handler                        0x080012c5   Thumb Code     4  stm32f10x_it.o(i.HardFault_Handler)
    MPU6050_Init                             0x080012c9   Thumb Code   122  mpu6050.o(i.MPU6050_Init)
    MPU_Get_Accelerometer                    0x08001343   Thumb Code    80  mpu6050.o(i.MPU_Get_Accelerometer)
    MPU_Get_Gyroscope                        0x08001393   Thumb Code    80  mpu6050.o(i.MPU_Get_Gyroscope)
    MPU_IIC_Ack                              0x080013e5   Thumb Code    62  mpuiic.o(i.MPU_IIC_Ack)
    MPU_IIC_Delay                            0x08001431   Thumb Code    10  mpuiic.o(i.MPU_IIC_Delay)
    MPU_IIC_Init                             0x0800143d   Thumb Code    46  mpuiic.o(i.MPU_IIC_Init)
    MPU_IIC_NAck                             0x08001471   Thumb Code    62  mpuiic.o(i.MPU_IIC_NAck)
    MPU_IIC_Read_Byte                        0x080014bd   Thumb Code    94  mpuiic.o(i.MPU_IIC_Read_Byte)
    MPU_IIC_Send_Byte                        0x08001529   Thumb Code    80  mpuiic.o(i.MPU_IIC_Send_Byte)
    MPU_IIC_Start                            0x08001585   Thumb Code    60  mpuiic.o(i.MPU_IIC_Start)
    MPU_IIC_Stop                             0x080015cd   Thumb Code    58  mpuiic.o(i.MPU_IIC_Stop)
    MPU_IIC_Wait_Ack                         0x08001615   Thumb Code    86  mpuiic.o(i.MPU_IIC_Wait_Ack)
    MPU_Read_Byte                            0x08001679   Thumb Code    58  mpu6050.o(i.MPU_Read_Byte)
    MPU_Read_Len                             0x080016b3   Thumb Code   116  mpu6050.o(i.MPU_Read_Len)
    MPU_Set_Accel_Fsr                        0x08001727   Thumb Code    16  mpu6050.o(i.MPU_Set_Accel_Fsr)
    MPU_Set_Gyro_Fsr                         0x08001737   Thumb Code    16  mpu6050.o(i.MPU_Set_Gyro_Fsr)
    MPU_Set_LPF                              0x08001747   Thumb Code    58  mpu6050.o(i.MPU_Set_LPF)
    MPU_Set_Rate                             0x08001781   Thumb Code    58  mpu6050.o(i.MPU_Set_Rate)
    MPU_Write_Byte                           0x080017bb   Thumb Code    68  mpu6050.o(i.MPU_Write_Byte)
    MPU_Write_Len                            0x080017ff   Thumb Code    96  mpu6050.o(i.MPU_Write_Len)
    MemManage_Handler                        0x0800185f   Thumb Code     4  stm32f10x_it.o(i.MemManage_Handler)
    My_Read_Encoder                          0x08001865   Thumb Code    94  inputcapture.o(i.My_Read_Encoder)
    Myabs                                    0x080018c9   Thumb Code    48  pid.o(i.Myabs)
    NMI_Handler                              0x080018f9   Thumb Code     2  stm32f10x_it.o(i.NMI_Handler)
    NVIC_Init                                0x08001925   Thumb Code   100  misc.o(i.NVIC_Init)
    NVIC_PriorityGroupConfig                 0x08001995   Thumb Code    10  misc.o(i.NVIC_PriorityGroupConfig)
    PID_Init                                 0x080019a9   Thumb Code    30  pid.o(i.PID_Init)
    PendSV_Handler                           0x080019dd   Thumb Code     2  stm32f10x_it.o(i.PendSV_Handler)
    RCC_APB1PeriphClockCmd                   0x080019e1   Thumb Code    26  stm32f10x_rcc.o(i.RCC_APB1PeriphClockCmd)
    RCC_APB2PeriphClockCmd                   0x08001a01   Thumb Code    26  stm32f10x_rcc.o(i.RCC_APB2PeriphClockCmd)
    RCC_GetClocksFreq                        0x08001a21   Thumb Code   192  stm32f10x_rcc.o(i.RCC_GetClocksFreq)
    SVC_Handler                              0x08001af5   Thumb Code     2  stm32f10x_it.o(i.SVC_Handler)
    SysTick_CLKSourceConfig                  0x08001be1   Thumb Code    40  misc.o(i.SysTick_CLKSourceConfig)
    SysTick_Handler                          0x08001c09   Thumb Code     2  stm32f10x_it.o(i.SysTick_Handler)
    SystemInit                               0x08001c0d   Thumb Code    78  system_stm32f10x.o(i.SystemInit)
    TIM_ClearFlag                            0x08001ead   Thumb Code     6  stm32f10x_tim.o(i.TIM_ClearFlag)
    TIM_Cmd                                  0x08001eb3   Thumb Code    24  stm32f10x_tim.o(i.TIM_Cmd)
    TIM_EncoderInterfaceConfig               0x08001ecb   Thumb Code    66  stm32f10x_tim.o(i.TIM_EncoderInterfaceConfig)
    TIM_ICInit                               0x08001f0d   Thumb Code   150  stm32f10x_tim.o(i.TIM_ICInit)
    TIM_ICStructInit                         0x08001fb9   Thumb Code    18  stm32f10x_tim.o(i.TIM_ICStructInit)
    TIM_ITConfig                             0x08001fcb   Thumb Code    18  stm32f10x_tim.o(i.TIM_ITConfig)
    TIM_OC1Init                              0x08001fdd   Thumb Code   132  stm32f10x_tim.o(i.TIM_OC1Init)
    TIM_OC1PreloadConfig                     0x08002075   Thumb Code    18  stm32f10x_tim.o(i.TIM_OC1PreloadConfig)
    TIM_OC2Init                              0x08002089   Thumb Code   154  stm32f10x_tim.o(i.TIM_OC2Init)
    TIM_OC2PreloadConfig                     0x0800212d   Thumb Code    26  stm32f10x_tim.o(i.TIM_OC2PreloadConfig)
    TIM_OC3Init                              0x08002149   Thumb Code   150  stm32f10x_tim.o(i.TIM_OC3Init)
    TIM_OC3PreloadConfig                     0x080021e9   Thumb Code    18  stm32f10x_tim.o(i.TIM_OC3PreloadConfig)
    TIM_OC4Init                              0x080021fd   Thumb Code   114  stm32f10x_tim.o(i.TIM_OC4Init)
    TIM_OC4PreloadConfig                     0x08002279   Thumb Code    26  stm32f10x_tim.o(i.TIM_OC4PreloadConfig)
    TIM_SetCompare1                          0x08002293   Thumb Code     4  stm32f10x_tim.o(i.TIM_SetCompare1)
    TIM_SetCompare2                          0x08002297   Thumb Code     4  stm32f10x_tim.o(i.TIM_SetCompare2)
    TIM_SetCompare3                          0x0800229b   Thumb Code     4  stm32f10x_tim.o(i.TIM_SetCompare3)
    TIM_SetCompare4                          0x0800229f   Thumb Code     6  stm32f10x_tim.o(i.TIM_SetCompare4)
    TIM_SetCounter                           0x080022a5   Thumb Code     4  stm32f10x_tim.o(i.TIM_SetCounter)
    TIM_SetIC1Prescaler                      0x080022a9   Thumb Code    18  stm32f10x_tim.o(i.TIM_SetIC1Prescaler)
    TIM_SetIC2Prescaler                      0x080022bb   Thumb Code    26  stm32f10x_tim.o(i.TIM_SetIC2Prescaler)
    TIM_SetIC3Prescaler                      0x080022d5   Thumb Code    18  stm32f10x_tim.o(i.TIM_SetIC3Prescaler)
    TIM_SetIC4Prescaler                      0x080022e7   Thumb Code    26  stm32f10x_tim.o(i.TIM_SetIC4Prescaler)
    TIM_TimeBaseInit                         0x08002301   Thumb Code   122  stm32f10x_tim.o(i.TIM_TimeBaseInit)
    USART3_IRQHandler                        0x080023a5   Thumb Code    94  usart.o(i.USART3_IRQHandler)
    USART_Cmd                                0x08002415   Thumb Code    24  stm32f10x_usart.o(i.USART_Cmd)
    USART_Config                             0x0800242d   Thumb Code   120  usart.o(i.USART_Config)
    USART_GetFlagStatus                      0x080024ad   Thumb Code    26  stm32f10x_usart.o(i.USART_GetFlagStatus)
    USART_GetITStatus                        0x080024c7   Thumb Code    84  stm32f10x_usart.o(i.USART_GetITStatus)
    USART_Init                               0x0800251d   Thumb Code   210  stm32f10x_usart.o(i.USART_Init)
    USART_ReceiveData                        0x080025f5   Thumb Code    10  stm32f10x_usart.o(i.USART_ReceiveData)
    USART_SendData                           0x080025ff   Thumb Code     8  stm32f10x_usart.o(i.USART_SendData)
    UsageFault_Handler                       0x08002607   Thumb Code     4  stm32f10x_it.o(i.UsageFault_Handler)
    Velocity                                 0x0800260d   Thumb Code   214  pid.o(i.Velocity)
    __0printf$8                              0x08002709   Thumb Code    22  printf8.o(i.__0printf$8)
    __1printf$8                              0x08002709   Thumb Code     0  printf8.o(i.__0printf$8)
    __2printf                                0x08002709   Thumb Code     0  printf8.o(i.__0printf$8)
    __ARM_fpclassify                         0x08002729   Thumb Code    40  fpclassify.o(i.__ARM_fpclassify)
    __kernel_poly                            0x08002751   Thumb Code   170  poly.o(i.__kernel_poly)
    __mathlib_dbl_infnan                     0x080027fb   Thumb Code     6  dunder.o(i.__mathlib_dbl_infnan)
    __mathlib_dbl_infnan2                    0x08002801   Thumb Code     4  dunder.o(i.__mathlib_dbl_infnan2)
    __mathlib_dbl_invalid                    0x08002805   Thumb Code    12  dunder.o(i.__mathlib_dbl_invalid)
    __mathlib_dbl_underflow                  0x08002811   Thumb Code    10  dunder.o(i.__mathlib_dbl_underflow)
    __scatterload_copy                       0x08002821   Thumb Code    14  handlers.o(i.__scatterload_copy)
    __scatterload_null                       0x0800282f   Thumb Code     2  handlers.o(i.__scatterload_null)
    __scatterload_zeroinit                   0x08002831   Thumb Code    14  handlers.o(i.__scatterload_zeroinit)
    __set_errno                              0x08002841   Thumb Code     6  errno.o(i.__set_errno)
    asin                                     0x08002d4d   Thumb Code   572  asin.o(i.asin)
    atan                                     0x08002fbd   Thumb Code   474  atan.o(i.atan)
    atan2                                    0x080031dd   Thumb Code   374  atan2.o(i.atan2)
    delay_init                               0x080033dd   Thumb Code    50  delay.o(i.delay_init)
    delay_ms                                 0x08003421   Thumb Code    72  delay.o(i.delay_ms)
    delay_us                                 0x0800346d   Thumb Code    72  delay.o(i.delay_us)
    dmp_enable_6x_lp_quat                    0x080034b9   Thumb Code    60  inv_mpu_dmp_motion_driver.o(i.dmp_enable_6x_lp_quat)
    dmp_enable_feature                       0x080034f5   Thumb Code   530  inv_mpu_dmp_motion_driver.o(i.dmp_enable_feature)
    dmp_enable_gyro_cal                      0x08003711   Thumb Code    62  inv_mpu_dmp_motion_driver.o(i.dmp_enable_gyro_cal)
    dmp_enable_lp_quat                       0x08003769   Thumb Code    60  inv_mpu_dmp_motion_driver.o(i.dmp_enable_lp_quat)
    dmp_load_motion_driver_firmware          0x080037a5   Thumb Code    20  inv_mpu_dmp_motion_driver.o(i.dmp_load_motion_driver_firmware)
    dmp_read_fifo                            0x080037bd   Thumb Code   456  inv_mpu_dmp_motion_driver.o(i.dmp_read_fifo)
    dmp_set_accel_bias                       0x08003989   Thumb Code   300  inv_mpu_dmp_motion_driver.o(i.dmp_set_accel_bias)
    dmp_set_fifo_rate                        0x08003ab9   Thumb Code    96  inv_mpu_dmp_motion_driver.o(i.dmp_set_fifo_rate)
    dmp_set_gyro_bias                        0x08003b29   Thumb Code   294  inv_mpu_dmp_motion_driver.o(i.dmp_set_gyro_bias)
    dmp_set_orientation                      0x08003c59   Thumb Code   290  inv_mpu_dmp_motion_driver.o(i.dmp_set_orientation)
    dmp_set_shake_reject_thresh              0x08003d91   Thumb Code    56  inv_mpu_dmp_motion_driver.o(i.dmp_set_shake_reject_thresh)
    dmp_set_shake_reject_time                0x08003dc9   Thumb Code    38  inv_mpu_dmp_motion_driver.o(i.dmp_set_shake_reject_time)
    dmp_set_shake_reject_timeout             0x08003def   Thumb Code    38  inv_mpu_dmp_motion_driver.o(i.dmp_set_shake_reject_timeout)
    dmp_set_tap_axes                         0x08003e15   Thumb Code    70  inv_mpu_dmp_motion_driver.o(i.dmp_set_tap_axes)
    dmp_set_tap_count                        0x08003e5b   Thumb Code    38  inv_mpu_dmp_motion_driver.o(i.dmp_set_tap_count)
    dmp_set_tap_thresh                       0x08003e81   Thumb Code   396  inv_mpu_dmp_motion_driver.o(i.dmp_set_tap_thresh)
    dmp_set_tap_time                         0x08004021   Thumb Code    38  inv_mpu_dmp_motion_driver.o(i.dmp_set_tap_time)
    dmp_set_tap_time_multi                   0x08004047   Thumb Code    38  inv_mpu_dmp_motion_driver.o(i.dmp_set_tap_time_multi)
    fputc                                    0x0800406d   Thumb Code    32  usart.o(i.fputc)
    inv_orientation_matrix_to_scalar         0x080046c1   Thumb Code    40  inv_mpu.o(i.inv_orientation_matrix_to_scalar)
    inv_row_2_scale                          0x080046e9   Thumb Code    78  inv_mpu.o(i.inv_row_2_scale)
    main                                     0x08004739   Thumb Code    46  main.o(i.main)
    mget_ms                                  0x0800477d   Thumb Code     2  inv_mpu.o(i.mget_ms)
    mpu_configure_fifo                       0x08004781   Thumb Code   106  inv_mpu.o(i.mpu_configure_fifo)
    mpu_dmp_get_data                         0x080047f1   Thumb Code   544  inv_mpu.o(i.mpu_dmp_get_data)
    mpu_dmp_init                             0x08004a15   Thumb Code   154  inv_mpu.o(i.mpu_dmp_init)
    mpu_get_accel_fsr                        0x08004ab5   Thumb Code    72  inv_mpu.o(i.mpu_get_accel_fsr)
    mpu_get_accel_sens                       0x08004b01   Thumb Code    78  inv_mpu.o(i.mpu_get_accel_sens)
    mpu_get_fifo_config                      0x08004b55   Thumb Code    12  inv_mpu.o(i.mpu_get_fifo_config)
    mpu_get_gyro_fsr                         0x08004b65   Thumb Code    64  inv_mpu.o(i.mpu_get_gyro_fsr)
    mpu_get_gyro_sens                        0x08004ba9   Thumb Code    58  inv_mpu.o(i.mpu_get_gyro_sens)
    mpu_get_lpf                              0x08004bf9   Thumb Code    74  inv_mpu.o(i.mpu_get_lpf)
    mpu_get_sample_rate                      0x08004c49   Thumb Code    26  inv_mpu.o(i.mpu_get_sample_rate)
    mpu_init                                 0x08004c69   Thumb Code   416  inv_mpu.o(i.mpu_init)
    mpu_load_firmware                        0x08004e59   Thumb Code   180  inv_mpu.o(i.mpu_load_firmware)
    mpu_lp_accel_mode                        0x08004f11   Thumb Code   218  inv_mpu.o(i.mpu_lp_accel_mode)
    mpu_read_fifo_stream                     0x08004ff1   Thumb Code   186  inv_mpu.o(i.mpu_read_fifo_stream)
    mpu_read_mem                             0x080050b1   Thumb Code   122  inv_mpu.o(i.mpu_read_mem)
    mpu_reset_fifo                           0x08005131   Thumb Code   450  inv_mpu.o(i.mpu_reset_fifo)
    mpu_run_self_test                        0x080052f9   Thumb Code   278  inv_mpu.o(i.mpu_run_self_test)
    mpu_set_accel_fsr                        0x08005415   Thumb Code   126  inv_mpu.o(i.mpu_set_accel_fsr)
    mpu_set_bypass                           0x08005499   Thumb Code   328  inv_mpu.o(i.mpu_set_bypass)
    mpu_set_dmp_state                        0x080055e5   Thumb Code   138  inv_mpu.o(i.mpu_set_dmp_state)
    mpu_set_gyro_fsr                         0x08005675   Thumb Code   132  inv_mpu.o(i.mpu_set_gyro_fsr)
    mpu_set_int_latched                      0x080056fd   Thumb Code   102  inv_mpu.o(i.mpu_set_int_latched)
    mpu_set_lpf                              0x08005769   Thumb Code   126  inv_mpu.o(i.mpu_set_lpf)
    mpu_set_sample_rate                      0x080057ed   Thumb Code   152  inv_mpu.o(i.mpu_set_sample_rate)
    mpu_set_sensors                          0x08005889   Thumb Code   202  inv_mpu.o(i.mpu_set_sensors)
    mpu_write_mem                            0x08005959   Thumb Code   122  inv_mpu.o(i.mpu_write_mem)
    run_self_test                            0x080059d9   Thumb Code   148  inv_mpu.o(i.run_self_test)
    sqrt                                     0x08005afd   Thumb Code    76  sqrt.o(i.sqrt)
    reg                                      0x08005b48   Data          27  inv_mpu.o(.constdata)
    hw                                       0x08005b64   Data          12  inv_mpu.o(.constdata)
    test                                     0x08005b70   Data          40  inv_mpu.o(.constdata)
    __mathlib_zero                           0x08006878   Data           8  qnan.o(.constdata)
    Region$$Table$$Base                      0x080068d0   Number         0  anon$$obj.o(Region$$Table)
    Region$$Table$$Limit                     0x080068f0   Number         0  anon$$obj.o(Region$$Table)
    aacx                                     0x20000000   Data           2  main.o(.data)
    aacy                                     0x20000002   Data           2  main.o(.data)
    aacz                                     0x20000004   Data           2  main.o(.data)
    gyrox                                    0x20000006   Data           2  main.o(.data)
    gyroy                                    0x20000008   Data           2  main.o(.data)
    gyroz                                    0x2000000a   Data           2  main.o(.data)
    pitch                                    0x2000000c   Data           4  main.o(.data)
    roll                                     0x20000010   Data           4  main.o(.data)
    yaw                                      0x20000014   Data           4  main.o(.data)
    SystemCoreClock                          0x20000018   Data           4  system_stm32f10x.o(.data)
    AHBPrescTable                            0x2000001c   Data          16  system_stm32f10x.o(.data)
    USART_RX3_STA                            0x20000040   Data           2  usart.o(.data)
    USAR3_fal                                0x20000042   Data           1  usart.o(.data)
    Encoder_Left                             0x20000048   Data           4  pid.o(.data)
    Encoder_Right                            0x2000004c   Data           4  pid.o(.data)
    Encoder_Err                              0x20000050   Data           4  pid.o(.data)
    Car_Speed                                0x20000054   Data           4  pid.o(.data)
    Car_Turn                                 0x20000058   Data           4  pid.o(.data)
    sum_pwm                                  0x20000074   Data           4  exti.o(.data)
    siqu                                     0x20000078   Data           2  exti.o(.data)
    __stdout                                 0x200000b4   Data           4  stdout.o(.data)
    RX3_Buff                                 0x200000bc   Data         100  usart.o(.bss)
    pid                                      0x20000120   Data          44  pid.o(.bss)
    __initial_sp                             0x20000560   Data           0  startup_stm32f10x_hd.o(STACK)



==============================================================================

Memory Map of the image

  Image Entry point : 0x08000131

  Load Region LR_IROM1 (Base: 0x08000000, Size: 0x000069ac, Max: 0x00040000, ABSOLUTE)

    Execution Region ER_IROM1 (Base: 0x08000000, Size: 0x000068f0, Max: 0x00040000, ABSOLUTE)

    Base Addr    Size         Type   Attr      Idx    E Section Name        Object

    0x08000000   0x00000130   Data   RO           19    RESET               startup_stm32f10x_hd.o
    0x08000130   0x00000000   Code   RO         2641  * .ARM.Collect$$$$00000000  mc_w.l(entry.o)
    0x08000130   0x00000004   Code   RO         2978    .ARM.Collect$$$$00000001  mc_w.l(entry2.o)
    0x08000134   0x00000004   Code   RO         2981    .ARM.Collect$$$$00000004  mc_w.l(entry5.o)
    0x08000138   0x00000000   Code   RO         2983    .ARM.Collect$$$$00000008  mc_w.l(entry7b.o)
    0x08000138   0x00000000   Code   RO         2985    .ARM.Collect$$$$0000000A  mc_w.l(entry8b.o)
    0x08000138   0x00000008   Code   RO         2986    .ARM.Collect$$$$0000000B  mc_w.l(entry9a.o)
    0x08000140   0x00000004   Code   RO         2993    .ARM.Collect$$$$0000000E  mc_w.l(entry12b.o)
    0x08000144   0x00000000   Code   RO         2988    .ARM.Collect$$$$0000000F  mc_w.l(entry10a.o)
    0x08000144   0x00000000   Code   RO         2990    .ARM.Collect$$$$00000011  mc_w.l(entry11a.o)
    0x08000144   0x00000004   Code   RO         2979    .ARM.Collect$$$$00002712  mc_w.l(entry2.o)
    0x08000148   0x00000024   Code   RO           20    .text               startup_stm32f10x_hd.o
    0x0800016c   0x00000062   Code   RO         2644    .text               mc_w.l(ldiv.o)
    0x080001ce   0x00000024   Code   RO         2646    .text               mc_w.l(memseta.o)
    0x080001f2   0x0000001a   Code   RO         2648    .text               mc_w.l(memcmp.o)
    0x0800020c   0x000000b0   Code   RO         2911    .text               mf_w.l(fadd.o)
    0x080002bc   0x00000064   Code   RO         2913    .text               mf_w.l(fmul.o)
    0x08000320   0x0000007c   Code   RO         2915    .text               mf_w.l(fdiv.o)
    0x0800039c   0x000000e4   Code   RO         2917    .text               mf_w.l(dmul.o)
    0x08000480   0x00000012   Code   RO         2919    .text               mf_w.l(fflti.o)
    0x08000492   0x0000000a   Code   RO         2921    .text               mf_w.l(ffltui.o)
    0x0800049c   0x00000022   Code   RO         2923    .text               mf_w.l(dflti.o)
    0x080004be   0x00000032   Code   RO         2925    .text               mf_w.l(ffixi.o)
    0x080004f0   0x00000028   Code   RO         2927    .text               mf_w.l(ffixui.o)
    0x08000518   0x0000003e   Code   RO         2929    .text               mf_w.l(dfixi.o)
    0x08000556   0x00000026   Code   RO         2931    .text               mf_w.l(f2d.o)
    0x0800057c   0x00000030   Code   RO         2933    .text               mf_w.l(cdcmple.o)
    0x080005ac   0x00000038   Code   RO         2935    .text               mf_w.l(d2f.o)
    0x080005e4   0x00000014   Code   RO         2937    .text               mf_w.l(cfcmple.o)
    0x080005f8   0x00000014   Code   RO         2939    .text               mf_w.l(cfrcmple.o)
    0x0800060c   0x00000062   Code   RO         2997    .text               mc_w.l(uldiv.o)
    0x0800066e   0x00000020   Code   RO         2999    .text               mc_w.l(llushr.o)
    0x0800068e   0x00000000   Code   RO         3008    .text               mc_w.l(iusefp.o)
    0x0800068e   0x0000006e   Code   RO         3009    .text               mf_w.l(fepilogue.o)
    0x080006fc   0x000000ba   Code   RO         3011    .text               mf_w.l(depilogue.o)
    0x080007b6   0x0000014e   Code   RO         3013    .text               mf_w.l(dadd.o)
    0x08000904   0x000000de   Code   RO         3015    .text               mf_w.l(ddiv.o)
    0x080009e2   0x0000002e   Code   RO         3017    .text               mf_w.l(dscalb.o)
    0x08000a10   0x00000024   Code   RO         3023    .text               mc_w.l(init.o)
    0x08000a34   0x0000001e   Code   RO         3025    .text               mc_w.l(llshl.o)
    0x08000a52   0x00000024   Code   RO         3027    .text               mc_w.l(llsshr.o)
    0x08000a76   0x000000a2   Code   RO         3029    .text               mf_w.l(dsqrt.o)
    0x08000b18   0x00000064   Code   RO         2009    i.Balance           pid.o
    0x08000b7c   0x00000004   Code   RO          204    i.BusFault_Handler  stm32f10x_it.o
    0x08000b80   0x00000002   Code   RO          205    i.DebugMon_Handler  stm32f10x_it.o
    0x08000b82   0x0000007c   Code   RO         1973    i.ENCODER_TIM2_Mode_Config  inputcapture.o
    0x08000bfe   0x00000002   PAD
    0x08000c00   0x000000ac   Code   RO         1974    i.ENCODER_TIM_GPIO_Config  inputcapture.o
    0x08000cac   0x0000007c   Code   RO         1975    i.ENCODER_TIM_Mode_Config  inputcapture.o
    0x08000d28   0x0000013c   Code   RO         2058    i.EXTI15_10_IRQHandler  exti.o
    0x08000e64   0x0000000c   Code   RO         1662    i.EXTI_ClearITPendingBit  stm32f10x_exti.o
    0x08000e70   0x00000028   Code   RO         1666    i.EXTI_GetITStatus  stm32f10x_exti.o
    0x08000e98   0x00000094   Code   RO         1667    i.EXTI_Init         stm32f10x_exti.o
    0x08000f2c   0x00000050   Code   RO         2059    i.EXTI_Pxy_Config   exti.o
    0x08000f7c   0x00000010   Code   RO         1976    i.Encoder_TIM_init  inputcapture.o
    0x08000f8c   0x00000094   Code   RO         2100    i.GENERAL_TIM_GPIO_Config  mytime.o
    0x08001020   0x0000000c   Code   RO         2101    i.GENERAL_TIM_Init  mytime.o
    0x0800102c   0x000000ac   Code   RO         2102    i.GENERAL_TIM_Mode_Config  mytime.o
    0x080010d8   0x00000040   Code   RO          562    i.GPIO_EXTILineConfig  stm32f10x_gpio.o
    0x08001118   0x00000116   Code   RO          565    i.GPIO_Init         stm32f10x_gpio.o
    0x0800122e   0x00000002   PAD
    0x08001230   0x00000090   Code   RO          567    i.GPIO_PinRemapConfig  stm32f10x_gpio.o
    0x080012c0   0x00000004   Code   RO          573    i.GPIO_SetBits      stm32f10x_gpio.o
    0x080012c4   0x00000004   Code   RO          206    i.HardFault_Handler  stm32f10x_it.o
    0x080012c8   0x0000007a   Code   RO         1838    i.MPU6050_Init      mpu6050.o
    0x08001342   0x00000050   Code   RO         1839    i.MPU_Get_Accelerometer  mpu6050.o
    0x08001392   0x00000050   Code   RO         1840    i.MPU_Get_Gyroscope  mpu6050.o
    0x080013e2   0x00000002   PAD
    0x080013e4   0x0000004c   Code   RO         1913    i.MPU_IIC_Ack       mpuiic.o
    0x08001430   0x0000000a   Code   RO         1914    i.MPU_IIC_Delay     mpuiic.o
    0x0800143a   0x00000002   PAD
    0x0800143c   0x00000034   Code   RO         1915    i.MPU_IIC_Init      mpuiic.o
    0x08001470   0x0000004c   Code   RO         1916    i.MPU_IIC_NAck      mpuiic.o
    0x080014bc   0x0000006c   Code   RO         1917    i.MPU_IIC_Read_Byte  mpuiic.o
    0x08001528   0x0000005c   Code   RO         1918    i.MPU_IIC_Send_Byte  mpuiic.o
    0x08001584   0x00000048   Code   RO         1919    i.MPU_IIC_Start     mpuiic.o
    0x080015cc   0x00000048   Code   RO         1920    i.MPU_IIC_Stop      mpuiic.o
    0x08001614   0x00000064   Code   RO         1921    i.MPU_IIC_Wait_Ack  mpuiic.o
    0x08001678   0x0000003a   Code   RO         1841    i.MPU_Read_Byte     mpu6050.o
    0x080016b2   0x00000074   Code   RO         1842    i.MPU_Read_Len      mpu6050.o
    0x08001726   0x00000010   Code   RO         1843    i.MPU_Set_Accel_Fsr  mpu6050.o
    0x08001736   0x00000010   Code   RO         1844    i.MPU_Set_Gyro_Fsr  mpu6050.o
    0x08001746   0x0000003a   Code   RO         1845    i.MPU_Set_LPF       mpu6050.o
    0x08001780   0x0000003a   Code   RO         1846    i.MPU_Set_Rate      mpu6050.o
    0x080017ba   0x00000044   Code   RO         1847    i.MPU_Write_Byte    mpu6050.o
    0x080017fe   0x00000060   Code   RO         1848    i.MPU_Write_Len     mpu6050.o
    0x0800185e   0x00000004   Code   RO          207    i.MemManage_Handler  stm32f10x_it.o
    0x08001862   0x00000002   PAD
    0x08001864   0x00000064   Code   RO         1977    i.My_Read_Encoder   inputcapture.o
    0x080018c8   0x00000030   Code   RO         2010    i.Myabs             pid.o
    0x080018f8   0x00000002   Code   RO          208    i.NMI_Handler       stm32f10x_it.o
    0x080018fa   0x00000028   Code   RO         2061    i.NVIC_Configuration  exti.o
    0x08001922   0x00000002   PAD
    0x08001924   0x00000070   Code   RO          301    i.NVIC_Init         misc.o
    0x08001994   0x00000014   Code   RO          302    i.NVIC_PriorityGroupConfig  misc.o
    0x080019a8   0x00000034   Code   RO         2011    i.PID_Init          pid.o
    0x080019dc   0x00000002   Code   RO          209    i.PendSV_Handler    stm32f10x_it.o
    0x080019de   0x00000002   PAD
    0x080019e0   0x00000020   Code   RO          675    i.RCC_APB1PeriphClockCmd  stm32f10x_rcc.o
    0x08001a00   0x00000020   Code   RO          677    i.RCC_APB2PeriphClockCmd  stm32f10x_rcc.o
    0x08001a20   0x000000d4   Code   RO          685    i.RCC_GetClocksFreq  stm32f10x_rcc.o
    0x08001af4   0x00000002   Code   RO          210    i.SVC_Handler       stm32f10x_it.o
    0x08001af6   0x00000008   Code   RO          267    i.SetSysClock       system_stm32f10x.o
    0x08001afe   0x00000002   PAD
    0x08001b00   0x000000e0   Code   RO          268    i.SetSysClockTo72   system_stm32f10x.o
    0x08001be0   0x00000028   Code   RO          305    i.SysTick_CLKSourceConfig  misc.o
    0x08001c08   0x00000002   Code   RO          211    i.SysTick_Handler   stm32f10x_it.o
    0x08001c0a   0x00000002   PAD
    0x08001c0c   0x00000060   Code   RO          270    i.SystemInit        system_stm32f10x.o
    0x08001c6c   0x00000080   Code   RO          873    i.TI1_Config        stm32f10x_tim.o
    0x08001cec   0x00000098   Code   RO          874    i.TI2_Config        stm32f10x_tim.o
    0x08001d84   0x00000090   Code   RO          875    i.TI3_Config        stm32f10x_tim.o
    0x08001e14   0x00000098   Code   RO          876    i.TI4_Config        stm32f10x_tim.o
    0x08001eac   0x00000006   Code   RO          883    i.TIM_ClearFlag     stm32f10x_tim.o
    0x08001eb2   0x00000018   Code   RO          889    i.TIM_Cmd           stm32f10x_tim.o
    0x08001eca   0x00000042   Code   RO          898    i.TIM_EncoderInterfaceConfig  stm32f10x_tim.o
    0x08001f0c   0x000000ac   Code   RO          912    i.TIM_ICInit        stm32f10x_tim.o
    0x08001fb8   0x00000012   Code   RO          913    i.TIM_ICStructInit  stm32f10x_tim.o
    0x08001fca   0x00000012   Code   RO          914    i.TIM_ITConfig      stm32f10x_tim.o
    0x08001fdc   0x00000098   Code   RO          918    i.TIM_OC1Init       stm32f10x_tim.o
    0x08002074   0x00000012   Code   RO          921    i.TIM_OC1PreloadConfig  stm32f10x_tim.o
    0x08002086   0x00000002   PAD
    0x08002088   0x000000a4   Code   RO          923    i.TIM_OC2Init       stm32f10x_tim.o
    0x0800212c   0x0000001a   Code   RO          926    i.TIM_OC2PreloadConfig  stm32f10x_tim.o
    0x08002146   0x00000002   PAD
    0x08002148   0x000000a0   Code   RO          928    i.TIM_OC3Init       stm32f10x_tim.o
    0x080021e8   0x00000012   Code   RO          931    i.TIM_OC3PreloadConfig  stm32f10x_tim.o
    0x080021fa   0x00000002   PAD
    0x080021fc   0x0000007c   Code   RO          933    i.TIM_OC4Init       stm32f10x_tim.o
    0x08002278   0x0000001a   Code   RO          935    i.TIM_OC4PreloadConfig  stm32f10x_tim.o
    0x08002292   0x00000004   Code   RO          950    i.TIM_SetCompare1   stm32f10x_tim.o
    0x08002296   0x00000004   Code   RO          951    i.TIM_SetCompare2   stm32f10x_tim.o
    0x0800229a   0x00000004   Code   RO          952    i.TIM_SetCompare3   stm32f10x_tim.o
    0x0800229e   0x00000006   Code   RO          953    i.TIM_SetCompare4   stm32f10x_tim.o
    0x080022a4   0x00000004   Code   RO          954    i.TIM_SetCounter    stm32f10x_tim.o
    0x080022a8   0x00000012   Code   RO          955    i.TIM_SetIC1Prescaler  stm32f10x_tim.o
    0x080022ba   0x0000001a   Code   RO          956    i.TIM_SetIC2Prescaler  stm32f10x_tim.o
    0x080022d4   0x00000012   Code   RO          957    i.TIM_SetIC3Prescaler  stm32f10x_tim.o
    0x080022e6   0x0000001a   Code   RO          958    i.TIM_SetIC4Prescaler  stm32f10x_tim.o
    0x08002300   0x000000a4   Code   RO          960    i.TIM_TimeBaseInit  stm32f10x_tim.o
    0x080023a4   0x00000070   Code   RO         1716    i.USART3_IRQHandler  usart.o
    0x08002414   0x00000018   Code   RO         1425    i.USART_Cmd         stm32f10x_usart.o
    0x0800242c   0x00000080   Code   RO         1718    i.USART_Config      usart.o
    0x080024ac   0x0000001a   Code   RO         1428    i.USART_GetFlagStatus  stm32f10x_usart.o
    0x080024c6   0x00000054   Code   RO         1429    i.USART_GetITStatus  stm32f10x_usart.o
    0x0800251a   0x00000002   PAD
    0x0800251c   0x000000d8   Code   RO         1432    i.USART_Init        stm32f10x_usart.o
    0x080025f4   0x0000000a   Code   RO         1439    i.USART_ReceiveData  stm32f10x_usart.o
    0x080025fe   0x00000008   Code   RO         1442    i.USART_SendData    stm32f10x_usart.o
    0x08002606   0x00000004   Code   RO          212    i.UsageFault_Handler  stm32f10x_it.o
    0x0800260a   0x00000002   PAD
    0x0800260c   0x000000fc   Code   RO         2012    i.Velocity          pid.o
    0x08002708   0x00000020   Code   RO         2857    i.__0printf$8       mc_w.l(printf8.o)
    0x08002728   0x00000028   Code   RO         2965    i.__ARM_fpclassify  m_ws.l(fpclassify.o)
    0x08002750   0x000000aa   Code   RO         2967    i.__kernel_poly     m_ws.l(poly.o)
    0x080027fa   0x00000006   Code   RO         2952    i.__mathlib_dbl_infnan  m_ws.l(dunder.o)
    0x08002800   0x00000004   Code   RO         2953    i.__mathlib_dbl_infnan2  m_ws.l(dunder.o)
    0x08002804   0x0000000c   Code   RO         2954    i.__mathlib_dbl_invalid  m_ws.l(dunder.o)
    0x08002810   0x00000010   Code   RO         2957    i.__mathlib_dbl_underflow  m_ws.l(dunder.o)
    0x08002820   0x0000000e   Code   RO         3033    i.__scatterload_copy  mc_w.l(handlers.o)
    0x0800282e   0x00000002   Code   RO         3034    i.__scatterload_null  mc_w.l(handlers.o)
    0x08002830   0x0000000e   Code   RO         3035    i.__scatterload_zeroinit  mc_w.l(handlers.o)
    0x0800283e   0x00000002   PAD
    0x08002840   0x0000000c   Code   RO         3003    i.__set_errno       mc_w.l(errno.o)
    0x0800284c   0x00000404   Code   RO         2864    i._printf_core      mc_w.l(printf8.o)
    0x08002c50   0x00000024   Code   RO         2865    i._printf_post_padding  mc_w.l(printf8.o)
    0x08002c74   0x0000002e   Code   RO         2866    i._printf_pre_padding  mc_w.l(printf8.o)
    0x08002ca2   0x00000002   PAD
    0x08002ca4   0x000000a8   Code   RO         2122    i.accel_self_test   inv_mpu.o
    0x08002d4c   0x00000270   Code   RO         2624    i.asin              m_ws.l(asin.o)
    0x08002fbc   0x00000220   Code   RO         2942    i.atan              m_ws.l(atan.o)
    0x080031dc   0x0000019c   Code   RO         2634    i.atan2             m_ws.l(atan2.o)
    0x08003378   0x00000064   Code   RO         2447    i.decode_gesture    inv_mpu_dmp_motion_driver.o
    0x080033dc   0x00000044   Code   RO         1809    i.delay_init        delay.o
    0x08003420   0x0000004c   Code   RO         1810    i.delay_ms          delay.o
    0x0800346c   0x0000004c   Code   RO         1811    i.delay_us          delay.o
    0x080034b8   0x0000003c   Code   RO         2448    i.dmp_enable_6x_lp_quat  inv_mpu_dmp_motion_driver.o
    0x080034f4   0x0000021c   Code   RO         2449    i.dmp_enable_feature  inv_mpu_dmp_motion_driver.o
    0x08003710   0x00000058   Code   RO         2450    i.dmp_enable_gyro_cal  inv_mpu_dmp_motion_driver.o
    0x08003768   0x0000003c   Code   RO         2451    i.dmp_enable_lp_quat  inv_mpu_dmp_motion_driver.o
    0x080037a4   0x00000018   Code   RO         2456    i.dmp_load_motion_driver_firmware  inv_mpu_dmp_motion_driver.o
    0x080037bc   0x000001cc   Code   RO         2457    i.dmp_read_fifo     inv_mpu_dmp_motion_driver.o
    0x08003988   0x00000130   Code   RO         2460    i.dmp_set_accel_bias  inv_mpu_dmp_motion_driver.o
    0x08003ab8   0x00000070   Code   RO         2461    i.dmp_set_fifo_rate  inv_mpu_dmp_motion_driver.o
    0x08003b28   0x00000130   Code   RO         2462    i.dmp_set_gyro_bias  inv_mpu_dmp_motion_driver.o
    0x08003c58   0x00000138   Code   RO         2464    i.dmp_set_orientation  inv_mpu_dmp_motion_driver.o
    0x08003d90   0x00000038   Code   RO         2467    i.dmp_set_shake_reject_thresh  inv_mpu_dmp_motion_driver.o
    0x08003dc8   0x00000026   Code   RO         2468    i.dmp_set_shake_reject_time  inv_mpu_dmp_motion_driver.o
    0x08003dee   0x00000026   Code   RO         2469    i.dmp_set_shake_reject_timeout  inv_mpu_dmp_motion_driver.o
    0x08003e14   0x00000046   Code   RO         2470    i.dmp_set_tap_axes  inv_mpu_dmp_motion_driver.o
    0x08003e5a   0x00000026   Code   RO         2471    i.dmp_set_tap_count  inv_mpu_dmp_motion_driver.o
    0x08003e80   0x000001a0   Code   RO         2472    i.dmp_set_tap_thresh  inv_mpu_dmp_motion_driver.o
    0x08004020   0x00000026   Code   RO         2473    i.dmp_set_tap_time  inv_mpu_dmp_motion_driver.o
    0x08004046   0x00000026   Code   RO         2474    i.dmp_set_tap_time_multi  inv_mpu_dmp_motion_driver.o
    0x0800406c   0x00000024   Code   RO         1720    i.fputc             usart.o
    0x08004090   0x000000b4   Code   RO         2123    i.get_accel_prod_shift  inv_mpu.o
    0x08004144   0x0000046c   Code   RO         2124    i.get_st_biases     inv_mpu.o
    0x080045b0   0x00000110   Code   RO         2125    i.gyro_self_test    inv_mpu.o
    0x080046c0   0x00000028   Code   RO         2126    i.inv_orientation_matrix_to_scalar  inv_mpu.o
    0x080046e8   0x0000004e   Code   RO         2127    i.inv_row_2_scale   inv_mpu.o
    0x08004736   0x00000002   PAD
    0x08004738   0x00000044   Code   RO           24    i.main              main.o
    0x0800477c   0x00000002   Code   RO         2128    i.mget_ms           inv_mpu.o
    0x0800477e   0x00000002   PAD
    0x08004780   0x00000070   Code   RO         2129    i.mpu_configure_fifo  inv_mpu.o
    0x080047f0   0x00000224   Code   RO         2130    i.mpu_dmp_get_data  inv_mpu.o
    0x08004a14   0x000000a0   Code   RO         2131    i.mpu_dmp_init      inv_mpu.o
    0x08004ab4   0x0000004c   Code   RO         2132    i.mpu_get_accel_fsr  inv_mpu.o
    0x08004b00   0x00000054   Code   RO         2134    i.mpu_get_accel_sens  inv_mpu.o
    0x08004b54   0x00000010   Code   RO         2139    i.mpu_get_fifo_config  inv_mpu.o
    0x08004b64   0x00000044   Code   RO         2140    i.mpu_get_gyro_fsr  inv_mpu.o
    0x08004ba8   0x00000050   Code   RO         2142    i.mpu_get_gyro_sens  inv_mpu.o
    0x08004bf8   0x00000050   Code   RO         2144    i.mpu_get_lpf       inv_mpu.o
    0x08004c48   0x00000020   Code   RO         2146    i.mpu_get_sample_rate  inv_mpu.o
    0x08004c68   0x000001f0   Code   RO         2148    i.mpu_init          inv_mpu.o
    0x08004e58   0x000000b8   Code   RO         2149    i.mpu_load_firmware  inv_mpu.o
    0x08004f10   0x000000e0   Code   RO         2150    i.mpu_lp_accel_mode  inv_mpu.o
    0x08004ff0   0x000000c0   Code   RO         2153    i.mpu_read_fifo_stream  inv_mpu.o
    0x080050b0   0x00000080   Code   RO         2154    i.mpu_read_mem      inv_mpu.o
    0x08005130   0x000001c8   Code   RO         2157    i.mpu_reset_fifo    inv_mpu.o
    0x080052f8   0x0000011c   Code   RO         2158    i.mpu_run_self_test  inv_mpu.o
    0x08005414   0x00000084   Code   RO         2160    i.mpu_set_accel_fsr  inv_mpu.o
    0x08005498   0x0000014c   Code   RO         2161    i.mpu_set_bypass    inv_mpu.o
    0x080055e4   0x00000090   Code   RO         2163    i.mpu_set_dmp_state  inv_mpu.o
    0x08005674   0x00000088   Code   RO         2164    i.mpu_set_gyro_fsr  inv_mpu.o
    0x080056fc   0x0000006c   Code   RO         2165    i.mpu_set_int_latched  inv_mpu.o
    0x08005768   0x00000084   Code   RO         2167    i.mpu_set_lpf       inv_mpu.o
    0x080057ec   0x0000009c   Code   RO         2168    i.mpu_set_sample_rate  inv_mpu.o
    0x08005888   0x000000d0   Code   RO         2169    i.mpu_set_sensors   inv_mpu.o
    0x08005958   0x00000080   Code   RO         2170    i.mpu_write_mem     inv_mpu.o
    0x080059d8   0x00000094   Code   RO         2171    i.run_self_test     inv_mpu.o
    0x08005a6c   0x00000090   Code   RO         2172    i.set_int_enable    inv_mpu.o
    0x08005afc   0x0000004c   Code   RO         2971    i.sqrt              m_ws.l(sqrt.o)
    0x08005b48   0x00000050   Data   RO         2174    .constdata          inv_mpu.o
    0x08005b98   0x00000bf6   Data   RO         2476    .constdata          inv_mpu_dmp_motion_driver.o
    0x0800678e   0x00000002   PAD
    0x08006790   0x00000050   Data   RO         2625    .constdata          m_ws.l(asin.o)
    0x080067e0   0x00000098   Data   RO         2943    .constdata          m_ws.l(atan.o)
    0x08006878   0x00000008   Data   RO         2969    .constdata          m_ws.l(qnan.o)
    0x08006880   0x0000004d   Data   RO         2175    .conststring        inv_mpu.o
    0x080068cd   0x00000003   PAD
    0x080068d0   0x00000020   Data   RO         3031    Region$$Table       anon$$obj.o


    Execution Region RW_IRAM1 (Base: 0x20000000, Size: 0x00000560, Max: 0x0000c000, ABSOLUTE)

    Base Addr    Size         Type   Attr      Idx    E Section Name        Object

    0x20000000   0x00000018   Data   RW           25    .data               main.o
    0x20000018   0x00000014   Data   RW          271    .data               system_stm32f10x.o
    0x2000002c   0x00000014   Data   RW          705    .data               stm32f10x_rcc.o
    0x20000040   0x00000003   Data   RW         1724    .data               usart.o
    0x20000043   0x00000001   PAD
    0x20000044   0x00000004   Data   RW         1812    .data               delay.o
    0x20000048   0x00000024   Data   RW         2015    .data               pid.o
    0x2000006c   0x0000000e   Data   RW         2062    .data               exti.o
    0x2000007a   0x00000002   PAD
    0x2000007c   0x00000035   Data   RW         2176    .data               inv_mpu.o
    0x200000b1   0x00000003   PAD
    0x200000b4   0x00000004   Data   RW         2994    .data               mc_w.l(stdout.o)
    0x200000b8   0x00000004   Data   RW         3004    .data               mc_w.l(errno.o)
    0x200000bc   0x00000064   Zero   RW         1723    .bss                usart.o
    0x20000120   0x0000002c   Zero   RW         2014    .bss                pid.o
    0x2000014c   0x00000010   Zero   RW         2475    .bss                inv_mpu_dmp_motion_driver.o
    0x2000015c   0x00000004   PAD
    0x20000160   0x00000400   Zero   RW           17    STACK               startup_stm32f10x_hd.o


==============================================================================

Image component sizes


      Code (inc. data)   RO Data    RW Data    ZI Data      Debug   Object Name

         0          0          0          0          0       4556   core_cm3.o
       220         26          0          4          0       1847   delay.o
       436         72          0         14          0       2024   exti.o
       536         30          0          0          0       3160   inputcapture.o
      6860        288        157         53          0      31100   inv_mpu.o
      3096        122       3062          0         16      20698   inv_mpu_dmp_motion_driver.o
        68         22          0         24          0     253109   main.o
       172         22          0          0          0       2045   misc.o
       768          0          0          0          0       7843   mpu6050.o
       658        100          0          0          0       5034   mpuiic.o
       332         14          0          0          0       1807   mytime.o
       452         70          0         36         44       3686   pid.o
        36          8        304          0       1024        816   startup_stm32f10x_hd.o
       200         18          0          0          0       2096   stm32f10x_exti.o
       490         10          0          0          0       3943   stm32f10x_gpio.o
        26          0          0          0          0       3934   stm32f10x_it.o
       276         32          0         20          0       4430   stm32f10x_rcc.o
      1842        200          0          0          0      18058   stm32f10x_tim.o
       368          6          0          0          0       5320   stm32f10x_usart.o
       328         28          0         20          0       2273   system_stm32f10x.o
       276         30          0          3        100       2574   usart.o

    ----------------------------------------------------------------------
     17472       1098       3560        180       1188     380353   Object Totals
         0          0         32          0          0          0   (incl. Generated)
        32          0          5          6          4          0   (incl. Padding)

    ----------------------------------------------------------------------

      Code (inc. data)   RO Data    RW Data    ZI Data      Debug   Library Member Name

       624         52         80          0          0        168   asin.o
       544         70        152          0          0        124   atan.o
       412         38          0          0          0        144   atan2.o
        38          6          0          0          0        272   dunder.o
        40          0          0          0          0         68   fpclassify.o
       170          0          0          0          0         96   poly.o
         0          0          8          0          0          0   qnan.o
        76          0          0          0          0         84   sqrt.o
         0          0          0          0          0          0   entry.o
         0          0          0          0          0          0   entry10a.o
         0          0          0          0          0          0   entry11a.o
         4          0          0          0          0          0   entry12b.o
         8          4          0          0          0          0   entry2.o
         4          0          0          0          0          0   entry5.o
         0          0          0          0          0          0   entry7b.o
         0          0          0          0          0          0   entry8b.o
         8          4          0          0          0          0   entry9a.o
        12          6          0          4          0         68   errno.o
        30          0          0          0          0          0   handlers.o
        36          8          0          0          0         68   init.o
         0          0          0          0          0          0   iusefp.o
        98          0          0          0          0         84   ldiv.o
        30          0          0          0          0         68   llshl.o
        36          0          0          0          0         68   llsshr.o
        32          0          0          0          0         68   llushr.o
        26          0          0          0          0         80   memcmp.o
        36          0          0          0          0        108   memseta.o
      1142         54          0          0          0        352   printf8.o
         0          0          0          4          0          0   stdout.o
        98          0          0          0          0         92   uldiv.o
        48          0          0          0          0         68   cdcmple.o
        20          0          0          0          0         68   cfcmple.o
        20          0          0          0          0         68   cfrcmple.o
        56          0          0          0          0         88   d2f.o
       334          0          0          0          0        148   dadd.o
       222          0          0          0          0        100   ddiv.o
       186          0          0          0          0        176   depilogue.o
        62          0          0          0          0         80   dfixi.o
        34          0          0          0          0         76   dflti.o
       228          0          0          0          0         96   dmul.o
        46          0          0          0          0         80   dscalb.o
       162          0          0          0          0        100   dsqrt.o
        38          0          0          0          0         68   f2d.o
       176          0          0          0          0        140   fadd.o
       124          0          0          0          0         88   fdiv.o
       110          0          0          0          0        168   fepilogue.o
        50          0          0          0          0         68   ffixi.o
        40          0          0          0          0         68   ffixui.o
        18          0          0          0          0         68   fflti.o
        10          0          0          0          0         68   ffltui.o
       100          0          0          0          0         76   fmul.o

    ----------------------------------------------------------------------
      5592        242        240          8          0       3972   Library Totals
         4          0          0          0          0          0   (incl. Padding)

    ----------------------------------------------------------------------

      Code (inc. data)   RO Data    RW Data    ZI Data      Debug   Library Name

      1904        166        240          0          0        956   m_ws.l
      1600         76          0          8          0       1056   mc_w.l
      2084          0          0          0          0       1960   mf_w.l

    ----------------------------------------------------------------------
      5592        242        240          8          0       3972   Library Totals

    ----------------------------------------------------------------------

==============================================================================


      Code (inc. data)   RO Data    RW Data    ZI Data      Debug   

     23064       1340       3800        188       1188     374493   Grand Totals
     23064       1340       3800        188       1188     374493   ELF Image Totals
     23064       1340       3800        188          0          0   ROM Totals

==============================================================================

    Total RO  Size (Code + RO Data)                26864 (  26.23kB)
    Total RW  Size (RW Data + ZI Data)              1376 (   1.34kB)
    Total ROM Size (Code + RO Data + RW Data)      27052 (  26.42kB)

==============================================================================

